<html>
<body>
<pre>
<h1>µVision Build Log</h1>
<h2>Tool Versions:</h2>
IDE-Version: ¦ÌVision V5.18.0.0
Copyright (C) 2016 ARM Ltd and ARM Germany GmbH. All rights reserved.
License Information: Sheep Kuma, ma, LIC=65ISZ-JVQPM-WF5I7-EH8BD-92MWH-G7L8I
 
Tool Versions:
Toolchain:       MDK-ARM Standard  Version: 5.18
Toolchain Path:  C:\KeilV518\ARM\ARMCC\Bin
C Compiler:      Armcc.exe V5.06 update 1 (build 61)
Assembler:       Armasm.exe V5.06 update 1 (build 61)
Linker/Locator:  ArmLink.exe V5.06 update 1 (build 61)
Library Manager: ArmAr.exe V5.06 update 1 (build 61)
Hex Converter:   FromElf.exe V5.06 update 1 (build 61)
CPU DLL:         SARMCM3.DLL V5.18
Dialog DLL:      DCM.DLL V1.13.6.0
Target DLL:      STLink\ST-LINKIII-KEIL_SWO.dll V2.0.18.0
Dialog DLL:      TCM.DLL V1.14.8.0
 
<h2>Project:</h2>
D:\Git-Repository\repos1\Laser_TransmitterV1.3\USER\Laser_Transmitter.uvprojx
Project File Date:  01/24/2024

<h2>Output:</h2>
*** Using Compiler 'V5.06 update 1 (build 61)', folder: 'C:\KeilV518\ARM\ARMCC\Bin'
Rebuild target 'Laser_Transmitter'
compiling stm32f10x_it.c...
compiling key.c...
compiling exit.c...
compiling led.c...
compiling system_stm32f10x.c...
compiling main.c...
compiling ir.c...
compiling mytimer.c...
compiling motor_ms3111s.c...
compiling e2prom.c...
compiling adc.c...
compiling ble_usart.c...
compiling stepper_motor.c...
compiling oled.c...
assembling startup_stm32f10x_hd.s...
compiling core_cm3.c...
compiling beep.c...
compiling mytimer2.c...
compiling delay.c...
compiling usart.c...
compiling sys.c...
compiling misc.c...
compiling stm32f10x_gpio.c...
compiling stm32f10x_dma.c...
compiling stm32f10x_usart.c...
compiling stm32f10x_rcc.c...
compiling stm32f10x_exti.c...
compiling stm32f10x_adc.c...
compiling stm32f10x_tim.c...
compiling stm32f10x_bkp.c...
compiling stm32f10x_pwr.c...
compiling app.c...
linking...
Program Size: Code=29914 RO-data=9334 RW-data=232 ZI-data=3248  
FromELF: creating hex file...
"..\OBJ\Laser_Transmitter.axf" - 0 Error(s), 0 Warning(s).

<h2>Collection of Component include folders:</h2>
  D:\Git-Repository\repos1\Laser_TransmitterV1.3\USER\RTE
  C:\KeilV518\ARM\PACK\Keil\STM32F1xx_DFP\2.1.0\Device\Include

<h2>Collection of Component Files used:</h2>
Build Time Elapsed:  00:00:12
</pre>
</body>
</html>
