Component: ARM Compiler 5.06 update 7 (build 960) Tool: armlink [4d3601]

==============================================================================

Section Cross References

    main.o(.text) refers to system_stm32f10x.o(.text) for SystemInit
    main.o(.text) refers to delay.o(.text) for delay_init
    main.o(.text) refers to misc.o(.text) for NVIC_PriorityGroupConfig
    main.o(.text) refers to led.o(.text) for LED_Init
    main.o(.text) refers to mytimer.o(.text) for Timer_Init
    main.o(.text) refers to ble_usart.o(.text) for BLE_Usart3_Init
    main.o(.text) refers to usart.o(.text) for TypeC_Usart1_Init
    main.o(.text) refers to motor_ms3111s.o(.text) for Motor_Ms3111s_Init
    main.o(.text) refers to key.o(.text) for Key_Init
    main.o(.text) refers to beep.o(.text) for BEEP_Init
    main.o(.text) refers to mytimer2.o(.text) for MyTimer2_Init
    main.o(.text) refers to adc.o(.text) for Adc_Init
    main.o(.text) refers to app.o(.text) for APP_Init
    main.o(.text) refers to ir.o(.text) for Ir_Init
    main.o(.text) refers to exit.o(.text) for Exti_Init
    main.o(.text) refers to stm32f10x_gpio.o(.text) for GPIO_ReadInputDataBit
    main.o(.text) refers to ble_usart.o(.data) for BLE_RX_Flag
    main.o(.text) refers to usart.o(.data) for TypeC_RX_Flag
    main.o(.text) refers to exit.o(.data) for Timed_ShootFlag
    main.o(.text) refers to ir.o(.data) for GunLock_Flag
    system_stm32f10x.o(.text) refers to system_stm32f10x.o(.data) for SystemCoreClock
    led.o(.text) refers to stm32f10x_rcc.o(.text) for RCC_APB2PeriphClockCmd
    led.o(.text) refers to stm32f10x_gpio.o(.text) for GPIO_Init
    key.o(.text) refers to mytimer.o(.text) for ResetTimer
    key.o(.text) refers to stm32f10x_rcc.o(.text) for RCC_APB2PeriphClockCmd
    key.o(.text) refers to stm32f10x_gpio.o(.text) for GPIO_Init
    key.o(.text) refers to key.o(.data) for keys
    key.o(.data) refers to key.o(.text) for Get_KeySet_Sta
    ir.o(.text) refers to app.o(.text) for Odd_parity
    ir.o(.text) refers to rt_memclr.o(.text) for __aeabi_memclr
    ir.o(.text) refers to stm32f10x_rcc.o(.text) for RCC_AHBPeriphClockCmd
    ir.o(.text) refers to stm32f10x_dma.o(.text) for DMA_DeInit
    ir.o(.text) refers to stm32f10x_gpio.o(.text) for GPIO_Init
    ir.o(.text) refers to stm32f10x_tim.o(.text) for TIM_TimeBaseInit
    ir.o(.text) refers to ir.o(.data) for IR_Info
    ir.o(.text) refers to ir.o(.bss) for IrDMA_1ByteBuff
    ir.o(.text) refers to e2prom.o(.text) for I2C_Read
    ir.o(.text) refers to memcmp.o(.text) for memcmp
    ir.o(.text) refers to rt_memclr_w.o(.text) for __aeabi_memclr4
    ir.o(.text) refers to ble_usart.o(.text) for BLE_TX
    ir.o(.text) refers to adc.o(.text) for Get_Battery
    ir.o(.text) refers to mytimer.o(.text) for Query_TimerPeriod
    ir.o(.text) refers to motor_ms3111s.o(.text) for Machine_LockGun
    ir.o(.text) refers to delay.o(.text) for delay_ms
    ir.o(.text) refers to mytimer2.o(.text) for BEEP_TrainStart
    exit.o(.text) refers to stm32f10x_rcc.o(.text) for RCC_APB2PeriphClockCmd
    exit.o(.text) refers to stm32f10x_gpio.o(.text) for GPIO_EXTILineConfig
    exit.o(.text) refers to stm32f10x_exti.o(.text) for EXTI_Init
    exit.o(.text) refers to misc.o(.text) for NVIC_Init
    exit.o(.text) refers to mytimer.o(.text) for CreatTimer
    exit.o(.text) refers to delay.o(.text) for delay_ms
    exit.o(.text) refers to ir.o(.text) for Ir_Shot
    exit.o(.text) refers to exit.o(.data) for Shoot_Flag
    mytimer.o(.text) refers to stm32f10x_rcc.o(.text) for RCC_APB1PeriphClockCmd
    mytimer.o(.text) refers to stm32f10x_tim.o(.text) for TIM_DeInit
    mytimer.o(.text) refers to misc.o(.text) for NVIC_Init
    mytimer.o(.text) refers to mytimer.o(.bss) for TimerList
    adc.o(.text) refers to stm32f10x_adc.o(.text) for ADC_RegularChannelConfig
    adc.o(.text) refers to delay.o(.text) for delay_ms
    adc.o(.text) refers to fflt_clz.o(x$fpl$ffltu) for __aeabi_ui2f
    adc.o(.text) refers to f2d.o(x$fpl$f2d) for __aeabi_f2d
    adc.o(.text) refers to dmul.o(x$fpl$dmul) for __aeabi_dmul
    adc.o(.text) refers to d2f.o(x$fpl$d2f) for __aeabi_d2f
    adc.o(.text) refers to drleqf.o(x$fpl$drleqf) for __aeabi_cdrcmple
    adc.o(.text) refers to fmul.o(x$fpl$fmul) for __aeabi_fmul
    adc.o(.text) refers to faddsub_clz.o(x$fpl$fsub) for __aeabi_fsub
    adc.o(.text) refers to ffixu.o(x$fpl$ffixu) for __aeabi_f2uiz
    adc.o(.text) refers to daddsub_clz.o(x$fpl$dsub) for __aeabi_dsub
    adc.o(.text) refers to dfixu.o(x$fpl$dfixu) for __aeabi_d2uiz
    adc.o(.text) refers to app.o(.text) for Query_MenuPosition
    adc.o(.text) refers to mytimer2.o(.text) for Beep_LowBattery
    adc.o(.text) refers to ir.o(.text) for Gun_DevInfo_Reply
    adc.o(.text) refers to mytimer.o(.text) for ResetTimer
    adc.o(.text) refers to stm32f10x_rcc.o(.text) for RCC_APB2PeriphClockCmd
    adc.o(.text) refers to stm32f10x_gpio.o(.text) for GPIO_Init
    adc.o(.text) refers to adc.o(.data) for current_percent
[...]
    .text                                    0x080040a0   Section        0  stm32f10x_usart.o(.text)
    .text                                    0x080044a8   Section        0  stm32f10x_dma.o(.text)
    .text                                    0x080046fc   Section        0  stm32f10x_tim.o(.text)
    TI4_Config                               0x08004ba3   Thumb Code   130  stm32f10x_tim.o(.text)
    TI3_Config                               0x08004c37   Thumb Code   122  stm32f10x_tim.o(.text)
    TI2_Config                               0x08004ccb   Thumb Code   130  stm32f10x_tim.o(.text)
    TI1_Config                               0x08004d5f   Thumb Code   108  stm32f10x_tim.o(.text)
    .text                                    0x08005518   Section        0  stm32f10x_exti.o(.text)
    .text                                    0x08005634   Section        0  stm32f10x_adc.o(.text)
    .text                                    0x08005a84   Section        0  stm32f10x_bkp.o(.text)
    .text                                    0x08005b48   Section        0  stm32f10x_pwr.o(.text)
    .text                                    0x08005c14   Section        0  app.o(.text)
    AppInfo_Init                             0x08005d43   Thumb Code    28  app.o(.text)
    menuInit                                 0x08005d5f   Thumb Code    14  app.o(.text)
    KeyEventHandle                           0x08005d6d   Thumb Code   180  app.o(.text)
    gnlMenu_DesktopCBS                       0x08005ebb   Thumb Code   566  app.o(.text)
    gnlMenu_DevInfoCBS                       0x080060f1   Thumb Code   728  app.o(.text)
    gnlMenu_ShootInfoCBS                     0x080063c9   Thumb Code   684  app.o(.text)
    BLE_MAC_QueryHandle                      0x080066ad   Thumb Code    36  app.o(.text)
    IR_InfoSet_Reply                         0x08006715   Thumb Code    84  app.o(.text)
    .text                                    0x080068e4   Section        2  use_no_semi_2.o(.text)
    .text                                    0x080068e6   Section        0  memcmp.o(.text)
    .text                                    0x0800693e   Section      138  rt_memcpy_v6.o(.text)
    .text                                    0x080069c8   Section       68  rt_memclr.o(.text)
    .text                                    0x08006a0c   Section       78  rt_memclr_w.o(.text)
    .text                                    0x08006a5a   Section        0  heapauxi.o(.text)
    .text                                    0x08006a60   Section        2  use_no_semi.o(.text)
    .text                                    0x08006a62   Section      100  rt_memcpy_w.o(.text)
    .text                                    0x08006ac6   Section       74  sys_stackheap_outer.o(.text)
    .text                                    0x08006b10   Section        0  exit.o(.text)
    .text                                    0x08006b24   Section        8  libspace.o(.text)
    x$fpl$d2f                                0x08006b2c   Section       98  d2f.o(x$fpl$d2f)
    x$fpl$dadd                               0x08006b90   Section      336  daddsub_clz.o(x$fpl$dadd)
    _dadd1                                   0x08006ba1   Thumb Code     0  daddsub_clz.o(x$fpl$dadd)
    x$fpl$dcmpinf                            0x08006ce0   Section       24  dcmpi.o(x$fpl$dcmpinf)
    x$fpl$dfixu                              0x08006cf8   Section       90  dfixu.o(x$fpl$dfixu)
    x$fpl$dleqf                              0x08006d54   Section      120  dleqf.o(x$fpl$dleqf)
    x$fpl$dmul                               0x08006dcc   Section      340  dmul.o(x$fpl$dmul)
    x$fpl$dnaninf                            0x08006f20   Section      156  dnaninf.o(x$fpl$dnaninf)
    x$fpl$dretinf                            0x08006fbc   Section       12  dretinf.o(x$fpl$dretinf)
    x$fpl$drleqf                             0x08006fc8   Section      108  drleqf.o(x$fpl$drleqf)
    x$fpl$dsub                               0x08007034   Section      468  daddsub_clz.o(x$fpl$dsub)
    _dsub1                                   0x08007045   Thumb Code     0  daddsub_clz.o(x$fpl$dsub)
    x$fpl$f2d                                0x08007208   Section       86  f2d.o(x$fpl$f2d)
    x$fpl$fadd                               0x08007260   Section      196  faddsub_clz.o(x$fpl$fadd)
    _fadd1                                   0x0800726f   Thumb Code     0  faddsub_clz.o(x$fpl$fadd)
    x$fpl$ffixu                              0x08007324   Section       62  ffixu.o(x$fpl$ffixu)
    x$fpl$ffltu                              0x08007364   Section       38  fflt_clz.o(x$fpl$ffltu)
    x$fpl$fmul                               0x0800738c   Section      258  fmul.o(x$fpl$fmul)
    x$fpl$fnaninf                            0x0800748e   Section      140  fnaninf.o(x$fpl$fnaninf)
    x$fpl$fretinf                            0x0800751a   Section       10  fretinf.o(x$fpl$fretinf)
    x$fpl$fsub                               0x08007524   Section      234  faddsub_clz.o(x$fpl$fsub)
    _fsub1                                   0x08007533   Thumb Code     0  faddsub_clz.o(x$fpl$fsub)
    .constdata                               0x0800760e   Section     8968  oled.o(.constdata)
    x$fpl$usenofp                            0x0800760e   Section        0  usenofp.o(x$fpl$usenofp)
    .conststring                             0x08009918   Section       28  app.o(.conststring)
    .data                                    0x20000000   Section       20  system_stm32f10x.o(.data)
    .data                                    0x20000014   Section       27  key.o(.data)
    .data                                    0x20000030   Section       24  ir.o(.data)
    .data                                    0x20000048   Section        2  exit.o(.data)
    .data                                    0x2000004a   Section        4  adc.o(.data)
    last_percent                             0x2000004b   Data           1  adc.o(.data)
    current_percent                          0x2000004c   Data           1  adc.o(.data)
    cnt                                      0x2000004d   Data           1  adc.o(.data)
    .data                                    0x2000004e   Section        1  ble_usart.o(.data)
    .data                                    0x2000004f   Section        5  stepper_motor.o(.data)
    .data                                    0x20000054   Section        4  mytimer2.o(.data)
    num                                      0x20000055   Data           1  mytimer2.o(.data)
    num                                      0x20000056   Data           1  mytimer2.o(.data)
    num                                      0x20000057   Data           1  mytimer2.o(.data)
    .data                                    0x20000058   Section        4  delay.o(.data)
    fac_us                                   0x20000058   Data           1  delay.o(.data)
    fac_ms                                   0x2000005a   Data           2  delay.o(.data)
    .data                                    0x2000005c   Section        5  usart.o(.data)
    .data                                    0x20000061   Section       20  stm32f10x_rcc.o(.data)
    APBAHBPrescTable                         0x20000061   Data          16  stm32f10x_rcc.o(.data)
    ADCPrescTable                            0x20000071   Data           4  stm32f10x_rcc.o(.data)
    .data                                    0x20000078   Section      112  app.o(.data)
    adc_per                                  0x200000e5   Data           1  app.o(.data)
    last_num                                 0x200000e6   Data           1  app.o(.data)
    ir_key                                   0x200000e7   Data           1  app.o(.data)
    .bss                                     0x200000e8   Section      254  ir.o(.bss)
    .bss                                     0x200001e8   Section      180  mytimer.o(.bss)
    .bss                                     0x2000029c   Section      302  ble_usart.o(.bss)
    .bss                                     0x200003ca   Section      576  oled.o(.bss)
    .bss                                     0x2000060a   Section      302  usart.o(.bss)
    .bss                                     0x20000738   Section       96  libspace.o(.bss)
    HEAP                                     0x20000798   Section      512  startup_stm32f10x_hd.o(HEAP)
    Heap_Mem                                 0x20000798   Data         512  startup_stm32f10x_hd.o(HEAP)
    STACK                                    0x20000998   Section     1024  startup_stm32f10x_hd.o(STACK)
    Stack_Mem                                0x20000998   Data        1024  startup_stm32f10x_hd.o(STACK)
    __initial_sp                             0x20000d98   Data           0  startup_stm32f10x_hd.o(STACK)

    Global Symbols

    Symbol Name                              Value     Ov Type        Size  Object(Section)

    BuildAttributes$$THM_ISAv4$P$D$K$B$S$PE$A:L22UL41UL21$X:L11$S22US41US21$IEEE1$IW$USESV6$~STKCKD$USESV7$~SHL$OSPACE$ROPI$EBA8$UX$STANDARDLIB$REQ8$PRES8$EABIv2 0x00000000   Number         0  anon$$obj.o ABSOLUTE
    __ARM_use_no_argv                        0x00000000   Number         0  main.o ABSOLUTE
    __ARM_exceptions_init                     - Undefined Weak Reference
    __alloca_initialize                       - Undefined Weak Reference
    __arm_fini_                               - Undefined Weak Reference
    __arm_preinit_                            - Undefined Weak Reference
    __cpp_initialize__aeabi_                  - Undefined Weak Reference
    __cxa_finalize                            - Undefined Weak Reference
    __rt_locale                               - Undefined Weak Reference
    __sigvec_lookup                           - Undefined Weak Reference
    _atexit_init                              - Undefined Weak Reference
    _call_atexit_fns                          - Undefined Weak Reference
    _clock_init                               - Undefined Weak Reference
    _fp_trap_init                             - Undefined Weak Reference
    _fp_trap_shutdown                         - Undefined Weak Reference
    _get_lc_collate                           - Undefined Weak Reference
    _get_lc_ctype                             - Undefined Weak Reference
    _get_lc_monetary                          - Undefined Weak Reference
    _get_lc_numeric                           - Undefined Weak Reference
    _get_lc_time                              - Undefined Weak Reference
    _getenv_init                              - Undefined Weak Reference
    _handle_redirection                       - Undefined Weak Reference
    _init_alloc                               - Undefined Weak Reference
    _init_user_alloc                          - Undefined Weak Reference
    _initio                                   - Undefined Weak Reference
    _rand_init                                - Undefined Weak Reference
    _signal_finish                            - Undefined Weak Reference
    _signal_init                              - Undefined Weak Reference
    _terminate_alloc                          - Undefined Weak Reference
    _terminate_user_alloc                     - Undefined Weak Reference
    _terminateio                              - Undefined Weak Reference
    __Vectors_Size                           0x00000130   Number         0  startup_stm32f10x_hd.o ABSOLUTE
    __Vectors                                0x08000000   Data           4  startup_stm32f10x_hd.o(RESET)
    __Vectors_End                            0x08000130   Data           0  startup_stm32f10x_hd.o(RESET)
    __main                                   0x08000131   Thumb Code     8  __main.o(!!!main)
    __scatterload                            0x08000139   Thumb Code     0  __scatter.o(!!!scatter)
    __scatterload_rt2                        0x08000139   Thumb Code    44  __scatter.o(!!!scatter)
    __scatterload_rt2_thumb_only             0x08000139   Thumb Code     0  __scatter.o(!!!scatter)
    __scatterload_null                       0x08000147   Thumb Code     0  __scatter.o(!!!scatter)
    __scatterload_copy                       0x0800016d   Thumb Code    26  __scatter_copy.o(!!handler_copy)
    __scatterload_zeroinit                   0x08000189   Thumb Code    28  __scatter_zi.o(!!handler_zi)
    __rt_lib_init                            0x080001a5   Thumb Code     0  libinit.o(.ARM.Collect$$libinit$$00000000)
    __rt_lib_init_alloca_1                   0x080001a7   Thumb Code     0  libinit2.o(.ARM.Collect$$libinit$$0000002E)
    __rt_lib_init_argv_1                     0x080001a7   Thumb Code     0  libinit2.o(.ARM.Collect$$libinit$$0000002C)
    __rt_lib_init_atexit_1                   0x080001a7   Thumb Code     0  libinit2.o(.ARM.Collect$$libinit$$0000001B)
    __rt_lib_init_clock_1                    0x080001a7   Thumb Code     0  libinit2.o(.ARM.Collect$$libinit$$00000021)
    __rt_lib_init_cpp_1                      0x080001a7   Thumb Code     0  libinit2.o(.ARM.Collect$$libinit$$00000032)
    __rt_lib_init_exceptions_1               0x080001a7   Thumb Code     0  libinit2.o(.ARM.Collect$$libinit$$00000030)
    __rt_lib_init_fp_1                       0x080001a7   Thumb Code     0  libinit2.o(.ARM.Collect$$libinit$$00000002)
    __rt_lib_init_fp_trap_1                  0x080001a7   Thumb Code     0  libinit2.o(.ARM.Collect$$libinit$$0000001F)
    __rt_lib_init_getenv_1                   0x080001a7   Thumb Code     0  libinit2.o(.ARM.Collect$$libinit$$00000023)
    __rt_lib_init_heap_1                     0x080001a7   Thumb Code     0  libinit2.o(.ARM.Collect$$libinit$$0000000A)
    __rt_lib_init_lc_collate_1               0x080001a7   Thumb Code     0  libinit2.o(.ARM.Collect$$libinit$$00000011)
    __rt_lib_init_lc_ctype_1                 0x080001a7   Thumb Code     0  libinit2.o(.ARM.Collect$$libinit$$00000013)
    __rt_lib_init_lc_monetary_1              0x080001a7   Thumb Code     0  libinit2.o(.ARM.Collect$$libinit$$00000015)
    __rt_lib_init_lc_numeric_1               0x080001a7   Thumb Code     0  libinit2.o(.ARM.Collect$$libinit$$00000017)
    __rt_lib_init_lc_time_1                  0x080001a7   Thumb Code     0  libinit2.o(.ARM.Collect$$libinit$$00000019)
    __rt_lib_init_preinit_1                  0x080001a7   Thumb Code     0  libinit2.o(.ARM.Collect$$libinit$$00000004)
    __rt_lib_init_rand_1                     0x080001a7   Thumb Code     0  libinit2.o(.ARM.Collect$$libinit$$0000000E)
    __rt_lib_init_return                     0x080001a7   Thumb Code     0  libinit2.o(.ARM.Collect$$libinit$$00000033)
    __rt_lib_init_signal_1                   0x080001a7   Thumb Code     0  libinit2.o(.ARM.Collect$$libinit$$0000001D)
    __rt_lib_init_stdio_1                    0x080001a7   Thumb Code     0  libinit2.o(.ARM.Collect$$libinit$$00000025)
    __rt_lib_init_user_alloc_1               0x080001a7   Thumb Code     0  libinit2.o(.ARM.Collect$$libinit$$0000000C)
    __rt_lib_shutdown                        0x080001a9   Thumb Code     0  libshutdown.o(.ARM.Collect$$libshutdown$$00000000)
    __rt_lib_shutdown_cpp_1                  0x080001ab   Thumb Code     0  libshutdown2.o(.ARM.Collect$$libshutdown$$00000004)
    __rt_lib_shutdown_fini_1                 0x080001ab   Thumb Code     0  libshutdown2.o(.ARM.Collect$$libshutdown$$00000002)
    __rt_lib_shutdown_fp_trap_1              0x080001ab   Thumb Code     0  libshutdown2.o(.ARM.Collect$$libshutdown$$00000009)
    __rt_lib_shutdown_heap_1                 0x080001ab   Thumb Code     0  libshutdown2.o(.ARM.Collect$$libshutdown$$00000011)
    __rt_lib_shutdown_return                 0x080001ab   Thumb Code     0  libshutdown2.o(.ARM.Collect$$libshutdown$$00000012)
    __rt_lib_shutdown_signal_1               0x080001ab   Thumb Code     0  libshutdown2.o(.ARM.Collect$$libshutdown$$0000000C)
    __rt_lib_shutdown_stdio_1                0x080001ab   Thumb Code     0  libshutdown2.o(.ARM.Collect$$libshutdown$$00000006)
    __rt_lib_shutdown_user_alloc_1           0x080001ab   Thumb Code     0  libshutdown2.o(.ARM.Collect$$libshutdown$$0000000E)
    __rt_entry                               0x080001ad   Thumb Code     0  __rtentry.o(.ARM.Collect$$rtentry$$00000000)
    __rt_entry_presh_1                       0x080001ad   Thumb Code     0  __rtentry2.o(.ARM.Collect$$rtentry$$00000002)
    __rt_entry_sh                            0x080001ad   Thumb Code     0  __rtentry4.o(.ARM.Collect$$rtentry$$00000004)
    __rt_entry_li                            0x080001b3   Thumb Code     0  __rtentry2.o(.ARM.Collect$$rtentry$$0000000A)
    __rt_entry_postsh_1                      0x080001b3   Thumb Code     0  __rtentry2.o(.ARM.Collect$$rtentry$$00000009)
    __rt_entry_main                          0x080001b7   Thumb Code     0  __rtentry2.o(.ARM.Collect$$rtentry$$0000000D)
    __rt_entry_postli_1                      0x080001b7   Thumb Code     0  __rtentry2.o(.ARM.Collect$$rtentry$$0000000C)
    __rt_exit                                0x080001bf   Thumb Code     0  rtexit.o(.ARM.Collect$$rtexit$$00000000)
    __rt_exit_ls                             0x080001c1   Thumb Code     0  rtexit2.o(.ARM.Collect$$rtexit$$00000003)
    __rt_exit_prels_1                        0x080001c1   Thumb Code     0  rtexit2.o(.ARM.Collect$$rtexit$$00000002)
    __rt_exit_exit                           0x080001c5   Thumb Code     0  rtexit2.o(.ARM.Collect$$rtexit$$00000004)
    main                                     0x080001cd   Thumb Code   218  main.o(.text)
    NMI_Handler                              0x080002c1   Thumb Code     2  stm32f10x_it.o(.text)
    HardFault_Handler                        0x080002c3   Thumb Code     4  stm32f10x_it.o(.text)
    MemManage_Handler                        0x080002c7   Thumb Code     4  stm32f10x_it.o(.text)
    BusFault_Handler                         0x080002cb   Thumb Code     4  stm32f10x_it.o(.text)
    UsageFault_Handler                       0x080002cf   Thumb Code     4  stm32f10x_it.o(.text)
    SVC_Handler                              0x080002d3   Thumb Code     2  stm32f10x_it.o(.text)
    DebugMon_Handler                         0x080002d5   Thumb Code     2  stm32f10x_it.o(.text)
    PendSV_Handler                           0x080002d7   Thumb Code     2  stm32f10x_it.o(.text)
    SysTick_Handler                          0x080002d9   Thumb Code     2  stm32f10x_it.o(.text)
    SystemInit                               0x080003bb   Thumb Code    78  system_stm32f10x.o(.text)
    SystemCoreClockUpdate                    0x08000409   Thumb Code   142  system_stm32f10x.o(.text)
    LED_Init                                 0x080004bd   Thumb Code    66  led.o(.text)
    Key_Proc                                 0x08000505   Thumb Code   312  key.o(.text)
    Key_Init                                 0x08000679   Thumb Code    74  key.o(.text)
    KeyScan_CBSRegister                      0x080006c3   Thumb Code    12  key.o(.text)
    Mode_Change_GunID                        0x080009d3   Thumb Code   116  ir.o(.text)
    Ir_Init                                  0x08000c4d   Thumb Code   180  ir.o(.text)
    Ir_Shot                                  0x08000d97   Thumb Code   344  ir.o(.text)
    GunID_Change                             0x08000eef   Thumb Code   402  ir.o(.text)
    Gun_Change_OnlyID                        0x08001081   Thumb Code   284  ir.o(.text)
    IR_InfoQuery_Reply                       0x0800119d   Thumb Code   128  ir.o(.text)
    Gun_DevInfo_Reply                        0x0800121d   Thumb Code   168  ir.o(.text)
    IR_Calibrate_Proc                        0x080012c5   Thumb Code    16  ir.o(.text)
    GunInfo_Set                              0x080012d5   Thumb Code   306  ir.o(.text)
    Gun_LockSet                              0x08001407   Thumb Code   164  ir.o(.text)
    Gun_BulletAdd                            0x080014ab   Thumb Code   138  ir.o(.text)
    Query_GunMode                            0x08001535   Thumb Code    54  ir.o(.text)
    Query_GunLock                            0x0800156b   Thumb Code    24  ir.o(.text)
    Query_BulletNum                          0x08001583   Thumb Code     6  ir.o(.text)
    Query_ShootCnt                           0x08001589   Thumb Code     6  ir.o(.text)
    Reset_IRNum                              0x0800158f   Thumb Code     8  ir.o(.text)
    Start_Train                              0x08001597   Thumb Code    88  ir.o(.text)
    Reset_Dev                                0x080015ef   Thumb Code   106  ir.o(.text)
    Finish_Train                             0x08001659   Thumb Code    94  ir.o(.text)
    Reset_ShootFlag                          0x080016c1   Thumb Code     8  exit.o(.text)
    Exti_Init                                0x0800173f   Thumb Code    32  exit.o(.text)
    EXTI9_5_IRQHandler                       0x0800175f   Thumb Code    88  exit.o(.text)
    Timer_Init                               0x0800182d   Thumb Code    70  mytimer.o(.text)
    CreatTimer                               0x08001873   Thumb Code    50  mytimer.o(.text)
    Change_TimerPeriod                       0x080018a5   Thumb Code    14  mytimer.o(.text)
    Query_TimerPeriod                        0x080018b3   Thumb Code    16  mytimer.o(.text)
    CtrlTimer                                0x080018c3   Thumb Code    32  mytimer.o(.text)
    GetTimerSta                              0x080018e3   Thumb Code    30  mytimer.o(.text)
    DeleteTimer                              0x08001901   Thumb Code    58  mytimer.o(.text)
    ResetTimer                               0x0800193b   Thumb Code    48  mytimer.o(.text)
    TIM3_IRQHandler                          0x080019f3   Thumb Code    26  mytimer.o(.text)
    ADC_Proc                                 0x08001a71   Thumb Code   330  adc.o(.text)
    ADC_Cycle                                0x08001bbb   Thumb Code    52  adc.o(.text)
    Adc_Init                                 0x08001bef   Thumb Code   154  adc.o(.text)
    ADC_PowerON                              0x08001c89   Thumb Code    28  adc.o(.text)
    Get_Battery                              0x08001ca5   Thumb Code     6  adc.o(.text)
    BLE_Usart3_Init                          0x08001e0f   Thumb Code    22  ble_usart.o(.text)
    BLE_TX                                   0x08001e45   Thumb Code    42  ble_usart.o(.text)
    BLE_Proc                                 0x08001e6f   Thumb Code    54  ble_usart.o(.text)
    USART3_IRQHandler                        0x08001ea5   Thumb Code    98  ble_usart.o(.text)
    e2prom_Init                              0x08001f87   Thumb Code     8  e2prom.o(.text)
    I2C_PageWrite                            0x080021c1   Thumb Code   356  e2prom.o(.text)
    I2C_ReadByte                             0x08002325   Thumb Code    70  e2prom.o(.text)
    I2C_Read                                 0x0800236b   Thumb Code   100  e2prom.o(.text)
    IIC_delay                                0x080023d1   Thumb Code    16  oled.o(.text)
    I2C_Stop                                 0x080023e1   Thumb Code    32  oled.o(.text)
    I2C_WaitAck                              0x08002401   Thumb Code    40  oled.o(.text)
    Send_Byte                                0x08002429   Thumb Code    70  oled.o(.text)
    I2C_Start                                0x0800246f   Thumb Code    48  oled.o(.text)
    OLED_WR_Byte                             0x0800249f   Thumb Code    56  oled.o(.text)
    OLED_ColorTurn                           0x080024d7   Thumb Code    28  oled.o(.text)
    OLED_DisplayTurn                         0x080024f3   Thumb Code    44  oled.o(.text)
    OLED_DisPlay_On                          0x0800251f   Thumb Code    28  oled.o(.text)
    OLED_DisPlay_Off                         0x0800253b   Thumb Code    28  oled.o(.text)
    OLED_Refresh                             0x08002557   Thumb Code   100  oled.o(.text)
    OLED_Clear                               0x080025bb   Thumb Code    42  oled.o(.text)
    DIS_All                                  0x080025e5   Thumb Code    42  oled.o(.text)
    OLED_DrawPoint                           0x0800260f   Thumb Code   114  oled.o(.text)
    OLED_DrawLine                            0x08002681   Thumb Code   172  oled.o(.text)
    OLED_DrawCircle                          0x0800272d   Thumb Code   176  oled.o(.text)
    OLED_ShowChar                            0x080027dd   Thumb Code   300  oled.o(.text)
    OLED_ShowString                          0x08002909   Thumb Code    74  oled.o(.text)
    OLED_Pow                                 0x08002953   Thumb Code    22  oled.o(.text)
    OLED_ShowNum                             0x08002969   Thumb Code   140  oled.o(.text)
    OLED_ShowChinese                         0x080029f5   Thumb Code   244  oled.o(.text)
    OLED_ScrollDisplay                       0x08002ae9   Thumb Code   168  oled.o(.text)
    OLED_ShowPicture                         0x08002b91   Thumb Code   252  oled.o(.text)
    OLED_Init                                0x08002c8d   Thumb Code   250  oled.o(.text)
    Motor_Ms3111s_Init                       0x08002dfd   Thumb Code     8  motor_ms3111s.o(.text)
    Machine_LockGun                          0x08002e05   Thumb Code    54  motor_ms3111s.o(.text)
    Machine_UnlockGun                        0x08002e3b   Thumb Code    54  motor_ms3111s.o(.text)
    Stepper_Motor_Init                       0x08002f27   Thumb Code     8  stepper_motor.o(.text)
    Stepper_Motor_Close                      0x08002f2f   Thumb Code    14  stepper_motor.o(.text)
    Stepper_Motor_Open                       0x08002f3d   Thumb Code    14  stepper_motor.o(.text)
    M_I2C_WriteByte                          0x08003145   Thumb Code    48  stepper_motor.o(.text)
    M_I2C_ReadByte                           0x08003175   Thumb Code    72  stepper_motor.o(.text)
    register_configuration                   0x080031bd   Thumb Code    70  stepper_motor.o(.text)
    Steping                                  0x08003203   Thumb Code    42  stepper_motor.o(.text)
    M_I2C_Read                               0x0800322d   Thumb Code   118  stepper_motor.o(.text)
    BEEP_Init                                0x080032a5   Thumb Code    50  beep.o(.text)
    BEEP_OUTPUT                              0x080032d7   Thumb Code    32  beep.o(.text)
    MyTimer2_Init                            0x08003369   Thumb Code    18  mytimer2.o(.text)
    MyTimer2_Close                           0x0800337b   Thumb Code    24  mytimer2.o(.text)
    BEEP_PowerOn                             0x08003393   Thumb Code    26  mytimer2.o(.text)
    BEEP_PowerOff                            0x080033ad   Thumb Code    28  mytimer2.o(.text)
    BEEP_FindDev                             0x080033c9   Thumb Code    28  mytimer2.o(.text)
    TrainStart_BeepCnt                       0x080033e5   Thumb Code    98  mytimer2.o(.text)
    BEEP_TrainStart                          0x08003447   Thumb Code    32  mytimer2.o(.text)
    TrainEnd_BeepCnt                         0x08003467   Thumb Code    98  mytimer2.o(.text)
    BEEP_TrainEnd                            0x080034c9   Thumb Code    32  mytimer2.o(.text)
    LowBattery_BeepCnt                       0x080034e9   Thumb Code    98  mytimer2.o(.text)
    Beep_LowBattery                          0x0800354b   Thumb Code    32  mytimer2.o(.text)
    BEEP_Pair                                0x0800356b   Thumb Code    28  mytimer2.o(.text)
    TIM2_IRQHandler                          0x08003587   Thumb Code    26  mytimer2.o(.text)
    delay_init                               0x080035b5   Thumb Code    50  delay.o(.text)
    delay_us                                 0x080035e7   Thumb Code    72  delay.o(.text)
    delay_ms                                 0x0800362f   Thumb Code    72  delay.o(.text)
    _sys_exit                                0x08003689   Thumb Code     4  usart.o(.text)
    fputc                                    0x0800368d   Thumb Code    24  usart.o(.text)
    TypeC_Usart1_Init                        0x080037a9   Thumb Code    22  usart.o(.text)
    TypeC_Usart1_TX                          0x080037db   Thumb Code    38  usart.o(.text)
    TypeC_Proc                               0x08003801   Thumb Code    28  usart.o(.text)
    USART1_IRQHandler                        0x0800381d   Thumb Code    78  usart.o(.text)
    Reset_Handler                            0x08003885   Thumb Code     8  startup_stm32f10x_hd.o(.text)
    ADC1_2_IRQHandler                        0x0800389f   Thumb Code     0  startup_stm32f10x_hd.o(.text)
    ADC3_IRQHandler                          0x0800389f   Thumb Code     0  startup_stm32f10x_hd.o(.text)
    CAN1_RX1_IRQHandler                      0x0800389f   Thumb Code     0  startup_stm32f10x_hd.o(.text)
    CAN1_SCE_IRQHandler                      0x0800389f   Thumb Code     0  startup_stm32f10x_hd.o(.text)
    DMA1_Channel1_IRQHandler                 0x0800389f   Thumb Code     0  startup_stm32f10x_hd.o(.text)
    DMA1_Channel2_IRQHandler                 0x0800389f   Thumb Code     0  startup_stm32f10x_hd.o(.text)
    DMA1_Channel3_IRQHandler                 0x0800389f   Thumb Code     0  startup_stm32f10x_hd.o(.text)
    DMA1_Channel4_IRQHandler                 0x0800389f   Thumb Code     0  startup_stm32f10x_hd.o(.text)
    DMA1_Channel5_IRQHandler                 0x0800389f   Thumb Code     0  startup_stm32f10x_hd.o(.text)
    DMA1_Channel6_IRQHandler                 0x0800389f   Thumb Code     0  startup_stm32f10x_hd.o(.text)
    DMA1_Channel7_IRQHandler                 0x0800389f   Thumb Code     0  startup_stm32f10x_hd.o(.text)
    DMA2_Channel1_IRQHandler                 0x0800389f   Thumb Code     0  startup_stm32f10x_hd.o(.text)
    DMA2_Channel2_IRQHandler                 0x0800389f   Thumb Code     0  startup_stm32f10x_hd.o(.text)
    DMA2_Channel3_IRQHandler                 0x0800389f   Thumb Code     0  startup_stm32f10x_hd.o(.text)
    DMA2_Channel4_5_IRQHandler               0x0800389f   Thumb Code     0  startup_stm32f10x_hd.o(.text)
    EXTI0_IRQHandler                         0x0800389f   Thumb Code     0  startup_stm32f10x_hd.o(.text)
    EXTI15_10_IRQHandler                     0x0800389f   Thumb Code     0  startup_stm32f10x_hd.o(.text)
    EXTI1_IRQHandler                         0x0800389f   Thumb Code     0  startup_stm32f10x_hd.o(.text)
    EXTI2_IRQHandler                         0x0800389f   Thumb Code     0  startup_stm32f10x_hd.o(.text)
    EXTI3_IRQHandler                         0x0800389f   Thumb Code     0  startup_stm32f10x_hd.o(.text)
    EXTI4_IRQHandler                         0x0800389f   Thumb Code     0  startup_stm32f10x_hd.o(.text)
    FLASH_IRQHandler                         0x0800389f   Thumb Code     0  startup_stm32f10x_hd.o(.text)
    FSMC_IRQHandler                          0x0800389f   Thumb Code     0  startup_stm32f10x_hd.o(.text)
    I2C1_ER_IRQHandler                       0x0800389f   Thumb Code     0  startup_stm32f10x_hd.o(.text)
    I2C1_EV_IRQHandler                       0x0800389f   Thumb Code     0  startup_stm32f10x_hd.o(.text)
    I2C2_ER_IRQHandler                       0x0800389f   Thumb Code     0  startup_stm32f10x_hd.o(.text)
    I2C2_EV_IRQHandler                       0x0800389f   Thumb Code     0  startup_stm32f10x_hd.o(.text)
    PVD_IRQHandler                           0x0800389f   Thumb Code     0  startup_stm32f10x_hd.o(.text)
    RCC_IRQHandler                           0x0800389f   Thumb Code     0  startup_stm32f10x_hd.o(.text)
    RTCAlarm_IRQHandler                      0x0800389f   Thumb Code     0  startup_stm32f10x_hd.o(.text)
    RTC_IRQHandler                           0x0800389f   Thumb Code     0  startup_stm32f10x_hd.o(.text)
    SDIO_IRQHandler                          0x0800389f   Thumb Code     0  startup_stm32f10x_hd.o(.text)
    SPI1_IRQHandler                          0x0800389f   Thumb Code     0  startup_stm32f10x_hd.o(.text)
    SPI2_IRQHandler                          0x0800389f   Thumb Code     0  startup_stm32f10x_hd.o(.text)
    SPI3_IRQHandler                          0x0800389f   Thumb Code     0  startup_stm32f10x_hd.o(.text)
    TAMPER_IRQHandler                        0x0800389f   Thumb Code     0  startup_stm32f10x_hd.o(.text)
    TIM1_BRK_IRQHandler                      0x0800389f   Thumb Code     0  startup_stm32f10x_hd.o(.text)
    TIM1_CC_IRQHandler                       0x0800389f   Thumb Code     0  startup_stm32f10x_hd.o(.text)
    TIM1_TRG_COM_IRQHandler                  0x0800389f   Thumb Code     0  startup_stm32f10x_hd.o(.text)
    TIM1_UP_IRQHandler                       0x0800389f   Thumb Code     0  startup_stm32f10x_hd.o(.text)
    TIM4_IRQHandler                          0x0800389f   Thumb Code     0  startup_stm32f10x_hd.o(.text)
    TIM5_IRQHandler                          0x0800389f   Thumb Code     0  startup_stm32f10x_hd.o(.text)
    TIM6_IRQHandler                          0x0800389f   Thumb Code     0  startup_stm32f10x_hd.o(.text)
    TIM7_IRQHandler                          0x0800389f   Thumb Code     0  startup_stm32f10x_hd.o(.text)
    TIM8_BRK_IRQHandler                      0x0800389f   Thumb Code     0  startup_stm32f10x_hd.o(.text)
    TIM8_CC_IRQHandler                       0x0800389f   Thumb Code     0  startup_stm32f10x_hd.o(.text)
    TIM8_TRG_COM_IRQHandler                  0x0800389f   Thumb Code     0  startup_stm32f10x_hd.o(.text)
    TIM8_UP_IRQHandler                       0x0800389f   Thumb Code     0  startup_stm32f10x_hd.o(.text)
    UART4_IRQHandler                         0x0800389f   Thumb Code     0  startup_stm32f10x_hd.o(.text)
    UART5_IRQHandler                         0x0800389f   Thumb Code     0  startup_stm32f10x_hd.o(.text)
    USART2_IRQHandler                        0x0800389f   Thumb Code     0  startup_stm32f10x_hd.o(.text)
    USBWakeUp_IRQHandler                     0x0800389f   Thumb Code     0  startup_stm32f10x_hd.o(.text)
    USB_HP_CAN1_TX_IRQHandler                0x0800389f   Thumb Code     0  startup_stm32f10x_hd.o(.text)
    USB_LP_CAN1_RX0_IRQHandler               0x0800389f   Thumb Code     0  startup_stm32f10x_hd.o(.text)
    WWDG_IRQHandler                          0x0800389f   Thumb Code     0  startup_stm32f10x_hd.o(.text)
    __user_initial_stackheap                 0x080038a1   Thumb Code     0  startup_stm32f10x_hd.o(.text)
    NVIC_PriorityGroupConfig                 0x080038c5   Thumb Code    10  misc.o(.text)
    NVIC_Init                                0x080038cf   Thumb Code   100  misc.o(.text)
    NVIC_SetVectorTable                      0x08003933   Thumb Code    14  misc.o(.text)
    NVIC_SystemLPConfig                      0x08003941   Thumb Code    34  misc.o(.text)
    SysTick_CLKSourceConfig                  0x08003963   Thumb Code    40  misc.o(.text)
    GPIO_DeInit                              0x080039a1   Thumb Code   172  stm32f10x_gpio.o(.text)
    GPIO_AFIODeInit                          0x08003a4d   Thumb Code    20  stm32f10x_gpio.o(.text)
    GPIO_Init                                0x08003a61   Thumb Code   278  stm32f10x_gpio.o(.text)
    GPIO_StructInit                          0x08003b77   Thumb Code    16  stm32f10x_gpio.o(.text)
    GPIO_ReadInputDataBit                    0x08003b87   Thumb Code    18  stm32f10x_gpio.o(.text)
    GPIO_ReadInputData                       0x08003b99   Thumb Code     8  stm32f10x_gpio.o(.text)
    GPIO_ReadOutputDataBit                   0x08003ba1   Thumb Code    18  stm32f10x_gpio.o(.text)
    GPIO_ReadOutputData                      0x08003bb3   Thumb Code     8  stm32f10x_gpio.o(.text)
    GPIO_SetBits                             0x08003bbb   Thumb Code     4  stm32f10x_gpio.o(.text)
    GPIO_ResetBits                           0x08003bbf   Thumb Code     4  stm32f10x_gpio.o(.text)
    GPIO_WriteBit                            0x08003bc3   Thumb Code    10  stm32f10x_gpio.o(.text)
    GPIO_Write                               0x08003bcd   Thumb Code     4  stm32f10x_gpio.o(.text)
    GPIO_PinLockConfig                       0x08003bd1   Thumb Code    18  stm32f10x_gpio.o(.text)
    GPIO_EventOutputConfig                   0x08003be3   Thumb Code    26  stm32f10x_gpio.o(.text)
    GPIO_EventOutputCmd                      0x08003bfd   Thumb Code     6  stm32f10x_gpio.o(.text)
    GPIO_PinRemapConfig                      0x08003c03   Thumb Code   138  stm32f10x_gpio.o(.text)
    GPIO_EXTILineConfig                      0x08003c8d   Thumb Code    66  stm32f10x_gpio.o(.text)
    GPIO_ETH_MediaInterfaceConfig            0x08003ccf   Thumb Code     8  stm32f10x_gpio.o(.text)
    RCC_DeInit                               0x08003cfd   Thumb Code    64  stm32f10x_rcc.o(.text)
    RCC_HSEConfig                            0x08003d3d   Thumb Code    70  stm32f10x_rcc.o(.text)
    RCC_GetFlagStatus                        0x08003d83   Thumb Code    56  stm32f10x_rcc.o(.text)
    RCC_WaitForHSEStartUp                    0x08003dbb   Thumb Code    56  stm32f10x_rcc.o(.text)
    RCC_AdjustHSICalibrationValue            0x08003df3   Thumb Code    20  stm32f10x_rcc.o(.text)
    RCC_HSICmd                               0x08003e07   Thumb Code     6  stm32f10x_rcc.o(.text)
    RCC_PLLConfig                            0x08003e0d   Thumb Code    24  stm32f10x_rcc.o(.text)
    RCC_PLLCmd                               0x08003e25   Thumb Code     6  stm32f10x_rcc.o(.text)
    RCC_SYSCLKConfig                         0x08003e2b   Thumb Code    18  stm32f10x_rcc.o(.text)
    RCC_GetSYSCLKSource                      0x08003e3d   Thumb Code    10  stm32f10x_rcc.o(.text)
    RCC_HCLKConfig                           0x08003e47   Thumb Code    18  stm32f10x_rcc.o(.text)
    RCC_PCLK1Config                          0x08003e59   Thumb Code    18  stm32f10x_rcc.o(.text)
    RCC_PCLK2Config                          0x08003e6b   Thumb Code    20  stm32f10x_rcc.o(.text)
    RCC_ITConfig                             0x08003e7f   Thumb Code    26  stm32f10x_rcc.o(.text)
    RCC_USBCLKConfig                         0x08003e99   Thumb Code     8  stm32f10x_rcc.o(.text)
    RCC_ADCCLKConfig                         0x08003ea1   Thumb Code    18  stm32f10x_rcc.o(.text)
    RCC_LSEConfig                            0x08003eb3   Thumb Code    50  stm32f10x_rcc.o(.text)
    RCC_LSICmd                               0x08003ee5   Thumb Code     6  stm32f10x_rcc.o(.text)
    RCC_RTCCLKConfig                         0x08003eeb   Thumb Code    12  stm32f10x_rcc.o(.text)
    RCC_RTCCLKCmd                            0x08003ef7   Thumb Code     8  stm32f10x_rcc.o(.text)
    RCC_GetClocksFreq                        0x08003eff   Thumb Code   192  stm32f10x_rcc.o(.text)
    RCC_AHBPeriphClockCmd                    0x08003fbf   Thumb Code    26  stm32f10x_rcc.o(.text)
    RCC_APB2PeriphClockCmd                   0x08003fd9   Thumb Code    26  stm32f10x_rcc.o(.text)
    RCC_APB1PeriphClockCmd                   0x08003ff3   Thumb Code    26  stm32f10x_rcc.o(.text)
    RCC_APB2PeriphResetCmd                   0x0800400d   Thumb Code    26  stm32f10x_rcc.o(.text)
    RCC_APB1PeriphResetCmd                   0x08004027   Thumb Code    26  stm32f10x_rcc.o(.text)
    RCC_BackupResetCmd                       0x08004041   Thumb Code     8  stm32f10x_rcc.o(.text)
    RCC_ClockSecuritySystemCmd               0x08004049   Thumb Code     6  stm32f10x_rcc.o(.text)
    RCC_MCOConfig                            0x0800404f   Thumb Code     6  stm32f10x_rcc.o(.text)
    RCC_ClearFlag                            0x08004055   Thumb Code    14  stm32f10x_rcc.o(.text)
    RCC_GetITStatus                          0x08004063   Thumb Code    20  stm32f10x_rcc.o(.text)
    RCC_ClearITPendingBit                    0x08004077   Thumb Code     6  stm32f10x_rcc.o(.text)
    USART_DeInit                             0x080040a1   Thumb Code   134  stm32f10x_usart.o(.text)
    USART_Init                               0x08004127   Thumb Code   210  stm32f10x_usart.o(.text)
    USART_StructInit                         0x080041f9   Thumb Code    24  stm32f10x_usart.o(.text)
    USART_ClockInit                          0x08004211   Thumb Code    34  stm32f10x_usart.o(.text)
    USART_ClockStructInit                    0x08004233   Thumb Code    12  stm32f10x_usart.o(.text)
    USART_Cmd                                0x0800423f   Thumb Code    24  stm32f10x_usart.o(.text)
    USART_ITConfig                           0x08004257   Thumb Code    74  stm32f10x_usart.o(.text)
    USART_DMACmd                             0x080042a1   Thumb Code    18  stm32f10x_usart.o(.text)
    USART_SetAddress                         0x080042b3   Thumb Code    18  stm32f10x_usart.o(.text)
    USART_WakeUpConfig                       0x080042c5   Thumb Code    18  stm32f10x_usart.o(.text)
    USART_ReceiverWakeUpCmd                  0x080042d7   Thumb Code    24  stm32f10x_usart.o(.text)
    USART_LINBreakDetectLengthConfig         0x080042ef   Thumb Code    18  stm32f10x_usart.o(.text)
    USART_LINCmd                             0x08004301   Thumb Code    24  stm32f10x_usart.o(.text)
    USART_SendData                           0x08004319   Thumb Code     8  stm32f10x_usart.o(.text)
    USART_ReceiveData                        0x08004321   Thumb Code    10  stm32f10x_usart.o(.text)
    USART_SendBreak                          0x0800432b   Thumb Code    10  stm32f10x_usart.o(.text)
    USART_SetGuardTime                       0x08004335   Thumb Code    16  stm32f10x_usart.o(.text)
    USART_SetPrescaler                       0x08004345   Thumb Code    16  stm32f10x_usart.o(.text)
    USART_SmartCardCmd                       0x08004355   Thumb Code    24  stm32f10x_usart.o(.text)
    USART_SmartCardNACKCmd                   0x0800436d   Thumb Code    24  stm32f10x_usart.o(.text)
    USART_HalfDuplexCmd                      0x08004385   Thumb Code    24  stm32f10x_usart.o(.text)
    USART_OverSampling8Cmd                   0x0800439d   Thumb Code    22  stm32f10x_usart.o(.text)
    USART_OneBitMethodCmd                    0x080043b3   Thumb Code    24  stm32f10x_usart.o(.text)
    USART_IrDAConfig                         0x080043cb   Thumb Code    18  stm32f10x_usart.o(.text)
    USART_IrDACmd                            0x080043dd   Thumb Code    24  stm32f10x_usart.o(.text)
    USART_GetFlagStatus                      0x080043f5   Thumb Code    26  stm32f10x_usart.o(.text)
    USART_ClearFlag                          0x0800440f   Thumb Code    18  stm32f10x_usart.o(.text)
    USART_GetITStatus                        0x08004421   Thumb Code    84  stm32f10x_usart.o(.text)
    USART_ClearITPendingBit                  0x08004475   Thumb Code    52  stm32f10x_usart.o(.text)
    DMA_DeInit                               0x080044a9   Thumb Code   324  stm32f10x_dma.o(.text)
    DMA_Init                                 0x080045ed   Thumb Code    60  stm32f10x_dma.o(.text)
    DMA_StructInit                           0x08004629   Thumb Code    26  stm32f10x_dma.o(.text)
    DMA_Cmd                                  0x08004643   Thumb Code    24  stm32f10x_dma.o(.text)
    DMA_ITConfig                             0x0800465b   Thumb Code    18  stm32f10x_dma.o(.text)
    DMA_SetCurrDataCounter                   0x0800466d   Thumb Code     4  stm32f10x_dma.o(.text)
    DMA_GetCurrDataCounter                   0x08004671   Thumb Code     8  stm32f10x_dma.o(.text)
    DMA_GetFlagStatus                        0x08004679   Thumb Code    40  stm32f10x_dma.o(.text)
    DMA_ClearFlag                            0x080046a1   Thumb Code    22  stm32f10x_dma.o(.text)
    DMA_GetITStatus                          0x080046b7   Thumb Code    40  stm32f10x_dma.o(.text)
    DMA_ClearITPendingBit                    0x080046df   Thumb Code    22  stm32f10x_dma.o(.text)
    TIM_DeInit                               0x080046fd   Thumb Code   424  stm32f10x_tim.o(.text)
    TIM_TimeBaseInit                         0x080048a5   Thumb Code   122  stm32f10x_tim.o(.text)
    TIM_OC1Init                              0x0800491f   Thumb Code   132  stm32f10x_tim.o(.text)
    TIM_OC2Init                              0x080049a3   Thumb Code   154  stm32f10x_tim.o(.text)
    TIM_OC3Init                              0x08004a3d   Thumb Code   150  stm32f10x_tim.o(.text)
    TIM_OC4Init                              0x08004ad3   Thumb Code   182  stm32f10x_tim.o(.text)
    TIM_SetIC4Prescaler                      0x08004b89   Thumb Code    26  stm32f10x_tim.o(.text)
    TIM_SetIC3Prescaler                      0x08004c25   Thumb Code    18  stm32f10x_tim.o(.text)
    TIM_SetIC2Prescaler                      0x08004cb1   Thumb Code    26  stm32f10x_tim.o(.text)
    TIM_SetIC1Prescaler                      0x08004d4d   Thumb Code    18  stm32f10x_tim.o(.text)
    TIM_ICInit                               0x08004dcb   Thumb Code   150  stm32f10x_tim.o(.text)
    TIM_PWMIConfig                           0x08004e61   Thumb Code   124  stm32f10x_tim.o(.text)
    TIM_BDTRConfig                           0x08004edd   Thumb Code    32  stm32f10x_tim.o(.text)
    TIM_TimeBaseStructInit                   0x08004efd   Thumb Code    18  stm32f10x_tim.o(.text)
    TIM_OCStructInit                         0x08004f0f   Thumb Code    20  stm32f10x_tim.o(.text)
    TIM_ICStructInit                         0x08004f23   Thumb Code    18  stm32f10x_tim.o(.text)
    TIM_BDTRStructInit                       0x08004f35   Thumb Code    40  stm32f10x_tim.o(.text)
    TIM_Cmd                                  0x08004f5d   Thumb Code    24  stm32f10x_tim.o(.text)
    TIM_CtrlPWMOutputs                       0x08004f75   Thumb Code    30  stm32f10x_tim.o(.text)
    TIM_ITConfig                             0x08004f93   Thumb Code    18  stm32f10x_tim.o(.text)
    TIM_GenerateEvent                        0x08004fa5   Thumb Code     4  stm32f10x_tim.o(.text)
    TIM_DMAConfig                            0x08004fa9   Thumb Code    10  stm32f10x_tim.o(.text)
    TIM_DMACmd                               0x08004fb3   Thumb Code    18  stm32f10x_tim.o(.text)
    TIM_InternalClockConfig                  0x08004fc5   Thumb Code    12  stm32f10x_tim.o(.text)
    TIM_SelectInputTrigger                   0x08004fd1   Thumb Code    18  stm32f10x_tim.o(.text)
    TIM_ITRxExternalClockConfig              0x08004fe3   Thumb Code    24  stm32f10x_tim.o(.text)
    TIM_TIxExternalClockConfig               0x08004ffb   Thumb Code    62  stm32f10x_tim.o(.text)
    TIM_ETRConfig                            0x08005039   Thumb Code    28  stm32f10x_tim.o(.text)
    TIM_ETRClockMode1Config                  0x08005055   Thumb Code    54  stm32f10x_tim.o(.text)
    TIM_ETRClockMode2Config                  0x0800508b   Thumb Code    32  stm32f10x_tim.o(.text)
    TIM_PrescalerConfig                      0x080050ab   Thumb Code     6  stm32f10x_tim.o(.text)
    TIM_CounterModeConfig                    0x080050b1   Thumb Code    18  stm32f10x_tim.o(.text)
    TIM_EncoderInterfaceConfig               0x080050c3   Thumb Code    66  stm32f10x_tim.o(.text)
    TIM_ForcedOC1Config                      0x08005105   Thumb Code    18  stm32f10x_tim.o(.text)
    TIM_ForcedOC2Config                      0x08005117   Thumb Code    26  stm32f10x_tim.o(.text)
    TIM_ForcedOC3Config                      0x08005131   Thumb Code    18  stm32f10x_tim.o(.text)
    TIM_ForcedOC4Config                      0x08005143   Thumb Code    26  stm32f10x_tim.o(.text)
    TIM_ARRPreloadConfig                     0x0800515d   Thumb Code    24  stm32f10x_tim.o(.text)
    TIM_SelectCOM                            0x08005175   Thumb Code    24  stm32f10x_tim.o(.text)
    TIM_SelectCCDMA                          0x0800518d   Thumb Code    24  stm32f10x_tim.o(.text)
    TIM_CCPreloadControl                     0x080051a5   Thumb Code    24  stm32f10x_tim.o(.text)
    TIM_OC1PreloadConfig                     0x080051bd   Thumb Code    18  stm32f10x_tim.o(.text)
    TIM_OC2PreloadConfig                     0x080051cf   Thumb Code    26  stm32f10x_tim.o(.text)
    TIM_OC3PreloadConfig                     0x080051e9   Thumb Code    18  stm32f10x_tim.o(.text)
    TIM_OC4PreloadConfig                     0x080051fb   Thumb Code    26  stm32f10x_tim.o(.text)
    TIM_OC1FastConfig                        0x08005215   Thumb Code    18  stm32f10x_tim.o(.text)
    TIM_OC2FastConfig                        0x08005227   Thumb Code    26  stm32f10x_tim.o(.text)
    TIM_OC3FastConfig                        0x08005241   Thumb Code    18  stm32f10x_tim.o(.text)
    TIM_OC4FastConfig                        0x08005253   Thumb Code    26  stm32f10x_tim.o(.text)
    TIM_ClearOC1Ref                          0x0800526d   Thumb Code    18  stm32f10x_tim.o(.text)
    TIM_ClearOC2Ref                          0x0800527f   Thumb Code    24  stm32f10x_tim.o(.text)
    TIM_ClearOC3Ref                          0x08005297   Thumb Code    18  stm32f10x_tim.o(.text)
    TIM_ClearOC4Ref                          0x080052a9   Thumb Code    24  stm32f10x_tim.o(.text)
    TIM_OC1PolarityConfig                    0x080052c1   Thumb Code    18  stm32f10x_tim.o(.text)
    TIM_OC1NPolarityConfig                   0x080052d3   Thumb Code    18  stm32f10x_tim.o(.text)
    TIM_OC2PolarityConfig                    0x080052e5   Thumb Code    26  stm32f10x_tim.o(.text)
    TIM_OC2NPolarityConfig                   0x080052ff   Thumb Code    26  stm32f10x_tim.o(.text)
    TIM_OC3PolarityConfig                    0x08005319   Thumb Code    26  stm32f10x_tim.o(.text)
    TIM_OC3NPolarityConfig                   0x08005333   Thumb Code    26  stm32f10x_tim.o(.text)
    TIM_OC4PolarityConfig                    0x0800534d   Thumb Code    26  stm32f10x_tim.o(.text)
    TIM_CCxCmd                               0x08005367   Thumb Code    30  stm32f10x_tim.o(.text)
    TIM_CCxNCmd                              0x08005385   Thumb Code    30  stm32f10x_tim.o(.text)
    TIM_SelectOCxM                           0x080053a3   Thumb Code    82  stm32f10x_tim.o(.text)
    TIM_UpdateDisableConfig                  0x080053f5   Thumb Code    24  stm32f10x_tim.o(.text)
    TIM_UpdateRequestConfig                  0x0800540d   Thumb Code    24  stm32f10x_tim.o(.text)
    TIM_SelectHallSensor                     0x08005425   Thumb Code    24  stm32f10x_tim.o(.text)
    TIM_SelectOnePulseMode                   0x0800543d   Thumb Code    18  stm32f10x_tim.o(.text)
    TIM_SelectOutputTrigger                  0x0800544f   Thumb Code    18  stm32f10x_tim.o(.text)
    TIM_SelectSlaveMode                      0x08005461   Thumb Code    18  stm32f10x_tim.o(.text)
    TIM_SelectMasterSlaveMode                0x08005473   Thumb Code    18  stm32f10x_tim.o(.text)
    TIM_SetCounter                           0x08005485   Thumb Code     4  stm32f10x_tim.o(.text)
    TIM_SetAutoreload                        0x08005489   Thumb Code     4  stm32f10x_tim.o(.text)
    TIM_SetCompare1                          0x0800548d   Thumb Code     4  stm32f10x_tim.o(.text)
    TIM_SetCompare2                          0x08005491   Thumb Code     4  stm32f10x_tim.o(.text)
    TIM_SetCompare3                          0x08005495   Thumb Code     4  stm32f10x_tim.o(.text)
    TIM_SetCompare4                          0x08005499   Thumb Code     6  stm32f10x_tim.o(.text)
    TIM_SetClockDivision                     0x0800549f   Thumb Code    18  stm32f10x_tim.o(.text)
    TIM_GetCapture1                          0x080054b1   Thumb Code     6  stm32f10x_tim.o(.text)
    TIM_GetCapture2                          0x080054b7   Thumb Code     6  stm32f10x_tim.o(.text)
    TIM_GetCapture3                          0x080054bd   Thumb Code     6  stm32f10x_tim.o(.text)
    TIM_GetCapture4                          0x080054c3   Thumb Code     8  stm32f10x_tim.o(.text)
    TIM_GetCounter                           0x080054cb   Thumb Code     6  stm32f10x_tim.o(.text)
    TIM_GetPrescaler                         0x080054d1   Thumb Code     6  stm32f10x_tim.o(.text)
    TIM_GetFlagStatus                        0x080054d7   Thumb Code    18  stm32f10x_tim.o(.text)
    TIM_ClearFlag                            0x080054e9   Thumb Code     6  stm32f10x_tim.o(.text)
    TIM_GetITStatus                          0x080054ef   Thumb Code    34  stm32f10x_tim.o(.text)
    TIM_ClearITPendingBit                    0x08005511   Thumb Code     6  stm32f10x_tim.o(.text)
    EXTI_DeInit                              0x08005519   Thumb Code    28  stm32f10x_exti.o(.text)
    EXTI_Init                                0x08005535   Thumb Code   142  stm32f10x_exti.o(.text)
    EXTI_StructInit                          0x080055c3   Thumb Code    16  stm32f10x_exti.o(.text)
    EXTI_GenerateSWInterrupt                 0x080055d3   Thumb Code    16  stm32f10x_exti.o(.text)
    EXTI_GetFlagStatus                       0x080055e3   Thumb Code    22  stm32f10x_exti.o(.text)
    EXTI_ClearFlag                           0x080055f9   Thumb Code     8  stm32f10x_exti.o(.text)
    EXTI_GetITStatus                         0x08005601   Thumb Code    34  stm32f10x_exti.o(.text)
    EXTI_ClearITPendingBit                   0x08005623   Thumb Code     8  stm32f10x_exti.o(.text)
    ADC_DeInit                               0x08005635   Thumb Code    78  stm32f10x_adc.o(.text)
    ADC_Init                                 0x08005683   Thumb Code    70  stm32f10x_adc.o(.text)
    ADC_StructInit                           0x080056c9   Thumb Code    18  stm32f10x_adc.o(.text)
    ADC_Cmd                                  0x080056db   Thumb Code    22  stm32f10x_adc.o(.text)
    ADC_DMACmd                               0x080056f1   Thumb Code    22  stm32f10x_adc.o(.text)
    ADC_ITConfig                             0x08005707   Thumb Code    24  stm32f10x_adc.o(.text)
    ADC_ResetCalibration                     0x0800571f   Thumb Code    10  stm32f10x_adc.o(.text)
    ADC_GetResetCalibrationStatus            0x08005729   Thumb Code    20  stm32f10x_adc.o(.text)
    ADC_StartCalibration                     0x0800573d   Thumb Code    10  stm32f10x_adc.o(.text)
    ADC_GetCalibrationStatus                 0x08005747   Thumb Code    20  stm32f10x_adc.o(.text)
    ADC_SoftwareStartConvCmd                 0x0800575b   Thumb Code    22  stm32f10x_adc.o(.text)
    ADC_GetSoftwareStartConvStatus           0x08005771   Thumb Code    20  stm32f10x_adc.o(.text)
    ADC_DiscModeChannelCountConfig           0x08005785   Thumb Code    24  stm32f10x_adc.o(.text)
    ADC_DiscModeCmd                          0x0800579d   Thumb Code    22  stm32f10x_adc.o(.text)
    ADC_RegularChannelConfig                 0x080057b3   Thumb Code   184  stm32f10x_adc.o(.text)
    ADC_ExternalTrigConvCmd                  0x0800586b   Thumb Code    22  stm32f10x_adc.o(.text)
    ADC_GetConversionValue                   0x08005881   Thumb Code     8  stm32f10x_adc.o(.text)
    ADC_GetDualModeConversionValue           0x08005889   Thumb Code     8  stm32f10x_adc.o(.text)
    ADC_AutoInjectedConvCmd                  0x08005891   Thumb Code    22  stm32f10x_adc.o(.text)
    ADC_InjectedDiscModeCmd                  0x080058a7   Thumb Code    22  stm32f10x_adc.o(.text)
    ADC_ExternalTrigInjectedConvConfig       0x080058bd   Thumb Code    16  stm32f10x_adc.o(.text)
    ADC_ExternalTrigInjectedConvCmd          0x080058cd   Thumb Code    22  stm32f10x_adc.o(.text)
    ADC_SoftwareStartInjectedConvCmd         0x080058e3   Thumb Code    22  stm32f10x_adc.o(.text)
    ADC_GetSoftwareStartInjectedConvCmdStatus 0x080058f9   Thumb Code    20  stm32f10x_adc.o(.text)
    ADC_InjectedChannelConfig                0x0800590d   Thumb Code   130  stm32f10x_adc.o(.text)
    ADC_InjectedSequencerLengthConfig        0x0800598f   Thumb Code    24  stm32f10x_adc.o(.text)
    ADC_SetInjectedOffset                    0x080059a7   Thumb Code    20  stm32f10x_adc.o(.text)
    ADC_GetInjectedConversionValue           0x080059bb   Thumb Code    28  stm32f10x_adc.o(.text)
    ADC_AnalogWatchdogCmd                    0x080059d7   Thumb Code    16  stm32f10x_adc.o(.text)
    ADC_AnalogWatchdogThresholdsConfig       0x080059e7   Thumb Code     6  stm32f10x_adc.o(.text)
    ADC_AnalogWatchdogSingleChannelConfig    0x080059ed   Thumb Code    16  stm32f10x_adc.o(.text)
    ADC_TempSensorVrefintCmd                 0x080059fd   Thumb Code    64  stm32f10x_adc.o(.text)
    ADC_GetFlagStatus                        0x08005a3d   Thumb Code    18  stm32f10x_adc.o(.text)
    ADC_ClearFlag                            0x08005a4f   Thumb Code     6  stm32f10x_adc.o(.text)
    ADC_GetITStatus                          0x08005a55   Thumb Code    36  stm32f10x_adc.o(.text)
    ADC_ClearITPendingBit                    0x08005a79   Thumb Code    10  stm32f10x_adc.o(.text)
    BKP_DeInit                               0x08005a85   Thumb Code    16  stm32f10x_bkp.o(.text)
    BKP_TamperPinLevelConfig                 0x08005a95   Thumb Code     6  stm32f10x_bkp.o(.text)
    BKP_TamperPinCmd                         0x08005a9b   Thumb Code     8  stm32f10x_bkp.o(.text)
    BKP_ITConfig                             0x08005aa3   Thumb Code     8  stm32f10x_bkp.o(.text)
    BKP_RTCOutputConfig                      0x08005aab   Thumb Code    22  stm32f10x_bkp.o(.text)
    BKP_SetRTCCalibrationValue               0x08005ac1   Thumb Code    22  stm32f10x_bkp.o(.text)
    BKP_WriteBackupRegister                  0x08005ad7   Thumb Code    24  stm32f10x_bkp.o(.text)
    BKP_ReadBackupRegister                   0x08005aef   Thumb Code    26  stm32f10x_bkp.o(.text)
    BKP_GetFlagStatus                        0x08005b09   Thumb Code    10  stm32f10x_bkp.o(.text)
    BKP_ClearFlag                            0x08005b13   Thumb Code    18  stm32f10x_bkp.o(.text)
    BKP_GetITStatus                          0x08005b25   Thumb Code    10  stm32f10x_bkp.o(.text)
    BKP_ClearITPendingBit                    0x08005b2f   Thumb Code    18  stm32f10x_bkp.o(.text)
    PWR_DeInit                               0x08005b49   Thumb Code    22  stm32f10x_pwr.o(.text)
    PWR_BackupAccessCmd                      0x08005b5f   Thumb Code     6  stm32f10x_pwr.o(.text)
    PWR_PVDCmd                               0x08005b65   Thumb Code     6  stm32f10x_pwr.o(.text)
    PWR_PVDLevelConfig                       0x08005b6b   Thumb Code    18  stm32f10x_pwr.o(.text)
    PWR_WakeUpPinCmd                         0x08005b7d   Thumb Code     8  stm32f10x_pwr.o(.text)
    PWR_EnterSTOPMode                        0x08005b85   Thumb Code    54  stm32f10x_pwr.o(.text)
    PWR_EnterSTANDBYMode                     0x08005bbb   Thumb Code    42  stm32f10x_pwr.o(.text)
    PWR_GetFlagStatus                        0x08005be5   Thumb Code    20  stm32f10x_pwr.o(.text)
    PWR_ClearFlag                            0x08005bf9   Thumb Code    14  stm32f10x_pwr.o(.text)
    IR_Proc                                  0x08005c15   Thumb Code    16  app.o(.text)
    Set_ClrScreenFlag                        0x08005c25   Thumb Code     8  app.o(.text)
    Query_ClrScreenFlag                      0x08005c2d   Thumb Code     6  app.o(.text)
    Query_MenuPosition                       0x08005c33   Thumb Code    40  app.o(.text)
    Refresh_GunNum                           0x08005c5b   Thumb Code   112  app.o(.text)
    ScreenControl                            0x08005ccb   Thumb Code    56  app.o(.text)
    App_Proc                                 0x08005d03   Thumb Code    64  app.o(.text)
    APP_Init                                 0x08005e21   Thumb Code   102  app.o(.text)
    Change_TrainSta                          0x08005e87   Thumb Code    38  app.o(.text)
    Query_TrainSta                           0x08005ead   Thumb Code     6  app.o(.text)
    Reset_ClrScreenFlag                      0x08005eb3   Thumb Code     8  app.o(.text)
    Set_MenuPosition                         0x08006675   Thumb Code    56  app.o(.text)
    CRC_Check                                0x080066d1   Thumb Code    68  app.o(.text)
    BLE_DataHandle                           0x08006769   Thumb Code   170  app.o(.text)
    BLE_Mac_Change                           0x08006813   Thumb Code   118  app.o(.text)
    Check_Sum                                0x08006889   Thumb Code    28  app.o(.text)
    Odd_parity                               0x080068a5   Thumb Code    54  app.o(.text)
    __use_no_semihosting                     0x080068e5   Thumb Code     2  use_no_semi_2.o(.text)
    memcmp                                   0x080068e7   Thumb Code    88  memcmp.o(.text)
    __aeabi_memcpy                           0x0800693f   Thumb Code     0  rt_memcpy_v6.o(.text)
    __rt_memcpy                              0x0800693f   Thumb Code   138  rt_memcpy_v6.o(.text)
    _memcpy_lastbytes                        0x080069a5   Thumb Code     0  rt_memcpy_v6.o(.text)
    __aeabi_memclr                           0x080069c9   Thumb Code     0  rt_memclr.o(.text)
    __rt_memclr                              0x080069c9   Thumb Code    68  rt_memclr.o(.text)
    _memset                                  0x080069cd   Thumb Code     0  rt_memclr.o(.text)
    __aeabi_memclr4                          0x08006a0d   Thumb Code     0  rt_memclr_w.o(.text)
    __aeabi_memclr8                          0x08006a0d   Thumb Code     0  rt_memclr_w.o(.text)
    __rt_memclr_w                            0x08006a0d   Thumb Code    78  rt_memclr_w.o(.text)
    _memset_w                                0x08006a11   Thumb Code     0  rt_memclr_w.o(.text)
    __use_two_region_memory                  0x08006a5b   Thumb Code     2  heapauxi.o(.text)
    __rt_heap_escrow$2region                 0x08006a5d   Thumb Code     2  heapauxi.o(.text)
    __rt_heap_expand$2region                 0x08006a5f   Thumb Code     2  heapauxi.o(.text)
    __I$use$semihosting                      0x08006a61   Thumb Code     0  use_no_semi.o(.text)
    __use_no_semihosting_swi                 0x08006a61   Thumb Code     2  use_no_semi.o(.text)
    __aeabi_memcpy4                          0x08006a63   Thumb Code     0  rt_memcpy_w.o(.text)
    __aeabi_memcpy8                          0x08006a63   Thumb Code     0  rt_memcpy_w.o(.text)
    __rt_memcpy_w                            0x08006a63   Thumb Code   100  rt_memcpy_w.o(.text)
    _memcpy_lastbytes_aligned                0x08006aab   Thumb Code     0  rt_memcpy_w.o(.text)
    __user_setup_stackheap                   0x08006ac7   Thumb Code    74  sys_stackheap_outer.o(.text)
    exit                                     0x08006b11   Thumb Code    18  exit.o(.text)
    __user_libspace                          0x08006b25   Thumb Code     8  libspace.o(.text)
    __user_perproc_libspace                  0x08006b25   Thumb Code     0  libspace.o(.text)
    __user_perthread_libspace                0x08006b25   Thumb Code     0  libspace.o(.text)
    __aeabi_d2f                              0x08006b2d   Thumb Code     0  d2f.o(x$fpl$d2f)
    _d2f                                     0x08006b2d   Thumb Code    98  d2f.o(x$fpl$d2f)
    __aeabi_dadd                             0x08006b91   Thumb Code     0  daddsub_clz.o(x$fpl$dadd)
    _dadd                                    0x08006b91   Thumb Code   332  daddsub_clz.o(x$fpl$dadd)
    __fpl_dcmp_Inf                           0x08006ce1   Thumb Code    24  dcmpi.o(x$fpl$dcmpinf)
    __aeabi_d2uiz                            0x08006cf9   Thumb Code     0  dfixu.o(x$fpl$dfixu)
    _dfixu                                   0x08006cf9   Thumb Code    90  dfixu.o(x$fpl$dfixu)
    __aeabi_cdcmple                          0x08006d55   Thumb Code     0  dleqf.o(x$fpl$dleqf)
    _dcmple                                  0x08006d55   Thumb Code   120  dleqf.o(x$fpl$dleqf)
    __fpl_dcmple_InfNaN                      0x08006db7   Thumb Code     0  dleqf.o(x$fpl$dleqf)
    __aeabi_dmul                             0x08006dcd   Thumb Code     0  dmul.o(x$fpl$dmul)
    _dmul                                    0x08006dcd   Thumb Code   332  dmul.o(x$fpl$dmul)
    __fpl_dnaninf                            0x08006f21   Thumb Code   156  dnaninf.o(x$fpl$dnaninf)
    __fpl_dretinf                            0x08006fbd   Thumb Code    12  dretinf.o(x$fpl$dretinf)
    __aeabi_cdrcmple                         0x08006fc9   Thumb Code     0  drleqf.o(x$fpl$drleqf)
    _drcmple                                 0x08006fc9   Thumb Code   108  drleqf.o(x$fpl$drleqf)
    __aeabi_dsub                             0x08007035   Thumb Code     0  daddsub_clz.o(x$fpl$dsub)
    _dsub                                    0x08007035   Thumb Code   464  daddsub_clz.o(x$fpl$dsub)
    __aeabi_f2d                              0x08007209   Thumb Code     0  f2d.o(x$fpl$f2d)
    _f2d                                     0x08007209   Thumb Code    86  f2d.o(x$fpl$f2d)
    __aeabi_fadd                             0x08007261   Thumb Code     0  faddsub_clz.o(x$fpl$fadd)
    _fadd                                    0x08007261   Thumb Code   196  faddsub_clz.o(x$fpl$fadd)
    __aeabi_f2uiz                            0x08007325   Thumb Code     0  ffixu.o(x$fpl$ffixu)
    _ffixu                                   0x08007325   Thumb Code    62  ffixu.o(x$fpl$ffixu)
    __aeabi_ui2f                             0x08007365   Thumb Code     0  fflt_clz.o(x$fpl$ffltu)
    _ffltu                                   0x08007365   Thumb Code    38  fflt_clz.o(x$fpl$ffltu)
    __aeabi_fmul                             0x0800738d   Thumb Code     0  fmul.o(x$fpl$fmul)
    _fmul                                    0x0800738d   Thumb Code   258  fmul.o(x$fpl$fmul)
    __fpl_fnaninf                            0x0800748f   Thumb Code   140  fnaninf.o(x$fpl$fnaninf)
    __fpl_fretinf                            0x0800751b   Thumb Code    10  fretinf.o(x$fpl$fretinf)
    __aeabi_fsub                             0x08007525   Thumb Code     0  faddsub_clz.o(x$fpl$fsub)
    _fsub                                    0x08007525   Thumb Code   234  faddsub_clz.o(x$fpl$fsub)
    __I$use$fp                               0x0800760e   Number         0  usenofp.o(x$fpl$usenofp)
    asc2_0806                                0x0800760e   Data         552  oled.o(.constdata)
    asc2_1206                                0x08007836   Data        1140  oled.o(.constdata)
    asc2_1608                                0x08007caa   Data        1520  oled.o(.constdata)
    asc2_2412                                0x0800829a   Data        3420  oled.o(.constdata)
    Hzk1                                     0x08008ff6   Data        1408  oled.o(.constdata)
    Hzk2                                     0x08009576   Data         288  oled.o(.constdata)
    Hzk3                                     0x08009696   Data         128  oled.o(.constdata)
    Hzk4                                     0x08009716   Data         512  oled.o(.constdata)
    Region$$Table$$Base                      0x08009934   Number         0  anon$$obj.o(Region$$Table)
    Region$$Table$$Limit                     0x08009954   Number         0  anon$$obj.o(Region$$Table)
    SystemCoreClock                          0x20000000   Data           4  system_stm32f10x.o(.data)
    AHBPrescTable                            0x20000004   Data          16  system_stm32f10x.o(.data)
    KeyScanCBS                               0x20000014   Data           4  key.o(.data)
    GetKeysState                             0x20000018   Data           8  key.o(.data)
    KeyStep                                  0x20000020   Data           2  key.o(.data)
    KeyScanTime                              0x20000022   Data           4  key.o(.data)
    KeyPressLongTimer                        0x20000026   Data           4  key.o(.data)
    KeyContPressTimer                        0x2000002a   Data           4  key.o(.data)
    keys                                     0x2000002e   Data           1  key.o(.data)
    GunID_Buff                               0x20000030   Data           5  ir.o(.data)
    frame_num                                0x20000035   Data           1  ir.o(.data)
    frame_cnt                                0x20000036   Data           1  ir.o(.data)
    IR_Info                                  0x20000037   Data           7  ir.o(.data)
    Gun_Info                                 0x2000003e   Data           6  ir.o(.data)
    DMA_BuffLen                              0x20000044   Data           1  ir.o(.data)
    Cnt_Flag                                 0x20000045   Data           1  ir.o(.data)
    IRSendNum                                0x20000046   Data           1  ir.o(.data)
    GunLock_Flag                             0x20000047   Data           1  ir.o(.data)
    Shoot_Flag                               0x20000048   Data           1  exit.o(.data)
    Timed_ShootFlag                          0x20000049   Data           1  exit.o(.data)
    ADC_Percent                              0x2000004a   Data           1  adc.o(.data)
    BLE_RX_Flag                              0x2000004e   Data           1  ble_usart.o(.data)
    s_data0                                  0x2000004f   Data           1  stepper_motor.o(.data)
    s_data1                                  0x20000050   Data           1  stepper_motor.o(.data)
    s_data2                                  0x20000051   Data           1  stepper_motor.o(.data)
    s_data3                                  0x20000052   Data           1  stepper_motor.o(.data)
    s_data4                                  0x20000053   Data           1  stepper_motor.o(.data)
    Beep_Cnt                                 0x20000054   Data           1  mytimer2.o(.data)
    __stdout                                 0x2000005c   Data           4  usart.o(.data)
    TypeC_RX_Flag                            0x20000060   Data           1  usart.o(.data)
    Train_Info                               0x20000078   Data           8  app.o(.data)
    pModeMenu                                0x20000080   Data           4  app.o(.data)
    generalModeMenu                          0x20000084   Data          96  app.o(.data)
    ClrScreenFlag                            0x200000e4   Data           1  app.o(.data)
    IrDMA_1ByteBuff                          0x200000e8   Data         100  ir.o(.bss)
    IrDMA_3ByteBuff                          0x2000014c   Data         154  ir.o(.bss)
    TimerList                                0x200001e8   Data         180  mytimer.o(.bss)
    BLE_RX                                   0x2000029c   Data         152  ble_usart.o(.bss)
    BEL_DebugBuff                            0x20000334   Data         150  ble_usart.o(.bss)
    OLED_GRAM                                0x200003ca   Data         576  oled.o(.bss)
    TypeC_RX                                 0x2000060a   Data         152  usart.o(.bss)
    TypeC_DebugBuff                          0x200006a2   Data         150  usart.o(.bss)
    __libspace_start                         0x20000738   Data          96  libspace.o(.bss)
    __temporary_stack_top$libspace           0x20000798   Data           0  libspace.o(.bss)



==============================================================================

Memory Map of the image

  Image Entry point : 0x08000131

  Load Region LR_IROM1 (Base: 0x08000000, Size: 0x00009a3c, Max: 0x00040000, ABSOLUTE)

    Execution Region ER_IROM1 (Exec base: 0x08000000, Load base: 0x08000000, Size: 0x00009954, Max: 0x00040000, ABSOLUTE)

    Exec Addr    Load Addr    Size         Type   Attr      Idx    E Section Name        Object

    0x08000000   0x08000000   0x00000130   Data   RO          502    RESET               startup_stm32f10x_hd.o
    0x08000130   0x08000130   0x00000008   Code   RO          659  * !!!main             c_w.l(__main.o)
    0x08000138   0x08000138   0x00000034   Code   RO          867    !!!scatter          c_w.l(__scatter.o)
    0x0800016c   0x0800016c   0x0000001a   Code   RO          869    !!handler_copy      c_w.l(__scatter_copy.o)
    0x08000186   0x08000186   0x00000002   PAD
    0x08000188   0x08000188   0x0000001c   Code   RO          871    !!handler_zi        c_w.l(__scatter_zi.o)
    0x080001a4   0x080001a4   0x00000002   Code   RO          739    .ARM.Collect$$libinit$$00000000  c_w.l(libinit.o)
    0x080001a6   0x080001a6   0x00000000   Code   RO          746    .ARM.Collect$$libinit$$00000002  c_w.l(libinit2.o)
    0x080001a6   0x080001a6   0x00000000   Code   RO          748    .ARM.Collect$$libinit$$00000004  c_w.l(libinit2.o)
    0x080001a6   0x080001a6   0x00000000   Code   RO          751    .ARM.Collect$$libinit$$0000000A  c_w.l(libinit2.o)
    0x080001a6   0x080001a6   0x00000000   Code   RO          753    .ARM.Collect$$libinit$$0000000C  c_w.l(libinit2.o)
    0x080001a6   0x080001a6   0x00000000   Code   RO          755    .ARM.Collect$$libinit$$0000000E  c_w.l(libinit2.o)
    0x080001a6   0x080001a6   0x00000000   Code   RO          758    .ARM.Collect$$libinit$$00000011  c_w.l(libinit2.o)
    0x080001a6   0x080001a6   0x00000000   Code   RO          760    .ARM.Collect$$libinit$$00000013  c_w.l(libinit2.o)
    0x080001a6   0x080001a6   0x00000000   Code   RO          762    .ARM.Collect$$libinit$$00000015  c_w.l(libinit2.o)
    0x080001a6   0x080001a6   0x00000000   Code   RO          764    .ARM.Collect$$libinit$$00000017  c_w.l(libinit2.o)
    0x080001a6   0x080001a6   0x00000000   Code   RO          766    .ARM.Collect$$libinit$$00000019  c_w.l(libinit2.o)
    0x080001a6   0x080001a6   0x00000000   Code   RO          768    .ARM.Collect$$libinit$$0000001B  c_w.l(libinit2.o)
    0x080001a6   0x080001a6   0x00000000   Code   RO          770    .ARM.Collect$$libinit$$0000001D  c_w.l(libinit2.o)
    0x080001a6   0x080001a6   0x00000000   Code   RO          772    .ARM.Collect$$libinit$$0000001F  c_w.l(libinit2.o)
    0x080001a6   0x080001a6   0x00000000   Code   RO          774    .ARM.Collect$$libinit$$00000021  c_w.l(libinit2.o)
    0x080001a6   0x080001a6   0x00000000   Code   RO          776    .ARM.Collect$$libinit$$00000023  c_w.l(libinit2.o)
    0x080001a6   0x080001a6   0x00000000   Code   RO          778    .ARM.Collect$$libinit$$00000025  c_w.l(libinit2.o)
    0x080001a6   0x080001a6   0x00000000   Code   RO          782    .ARM.Collect$$libinit$$0000002C  c_w.l(libinit2.o)
    0x080001a6   0x080001a6   0x00000000   Code   RO          784    .ARM.Collect$$libinit$$0000002E  c_w.l(libinit2.o)
    0x080001a6   0x080001a6   0x00000000   Code   RO          786    .ARM.Collect$$libinit$$00000030  c_w.l(libinit2.o)
    0x080001a6   0x080001a6   0x00000000   Code   RO          788    .ARM.Collect$$libinit$$00000032  c_w.l(libinit2.o)
    0x080001a6   0x080001a6   0x00000002   Code   RO          789    .ARM.Collect$$libinit$$00000033  c_w.l(libinit2.o)
    0x080001a8   0x080001a8   0x00000002   Code   RO          807    .ARM.Collect$$libshutdown$$00000000  c_w.l(libshutdown.o)
    0x080001aa   0x080001aa   0x00000000   Code   RO          817    .ARM.Collect$$libshutdown$$00000002  c_w.l(libshutdown2.o)
    0x080001aa   0x080001aa   0x00000000   Code   RO          819    .ARM.Collect$$libshutdown$$00000004  c_w.l(libshutdown2.o)
    0x080001aa   0x080001aa   0x00000000   Code   RO          821    .ARM.Collect$$libshutdown$$00000006  c_w.l(libshutdown2.o)
    0x080001aa   0x080001aa   0x00000000   Code   RO          824    .ARM.Collect$$libshutdown$$00000009  c_w.l(libshutdown2.o)
    0x080001aa   0x080001aa   0x00000000   Code   RO          827    .ARM.Collect$$libshutdown$$0000000C  c_w.l(libshutdown2.o)
    0x080001aa   0x080001aa   0x00000000   Code   RO          829    .ARM.Collect$$libshutdown$$0000000E  c_w.l(libshutdown2.o)
    0x080001aa   0x080001aa   0x00000000   Code   RO          832    .ARM.Collect$$libshutdown$$00000011  c_w.l(libshutdown2.o)
    0x080001aa   0x080001aa   0x00000002   Code   RO          833    .ARM.Collect$$libshutdown$$00000012  c_w.l(libshutdown2.o)
    0x080001ac   0x080001ac   0x00000000   Code   RO          699    .ARM.Collect$$rtentry$$00000000  c_w.l(__rtentry.o)
    0x080001ac   0x080001ac   0x00000000   Code   RO          714    .ARM.Collect$$rtentry$$00000002  c_w.l(__rtentry2.o)
    0x080001ac   0x080001ac   0x00000006   Code   RO          726    .ARM.Collect$$rtentry$$00000004  c_w.l(__rtentry4.o)
    0x080001b2   0x080001b2   0x00000000   Code   RO          716    .ARM.Collect$$rtentry$$00000009  c_w.l(__rtentry2.o)
    0x080001b2   0x080001b2   0x00000004   Code   RO          717    .ARM.Collect$$rtentry$$0000000A  c_w.l(__rtentry2.o)
    0x080001b6   0x080001b6   0x00000000   Code   RO          719    .ARM.Collect$$rtentry$$0000000C  c_w.l(__rtentry2.o)
    0x080001b6   0x080001b6   0x00000008   Code   RO          720    .ARM.Collect$$rtentry$$0000000D  c_w.l(__rtentry2.o)
    0x080001be   0x080001be   0x00000002   Code   RO          743    .ARM.Collect$$rtexit$$00000000  c_w.l(rtexit.o)
    0x080001c0   0x080001c0   0x00000000   Code   RO          791    .ARM.Collect$$rtexit$$00000002  c_w.l(rtexit2.o)
    0x080001c0   0x080001c0   0x00000004   Code   RO          792    .ARM.Collect$$rtexit$$00000003  c_w.l(rtexit2.o)
    0x080001c4   0x080001c4   0x00000006   Code   RO          793    .ARM.Collect$$rtexit$$00000004  c_w.l(rtexit2.o)
    0x080001ca   0x080001ca   0x00000002   PAD
    0x080001cc   0x080001cc   0x000000f4   Code   RO            1    .text               main.o
    0x080002c0   0x080002c0   0x0000001a   Code   RO          166    .text               stm32f10x_it.o
    0x080002da   0x080002da   0x00000002   PAD
    0x080002dc   0x080002dc   0x000001e0   Code   RO          207    .text               system_stm32f10x.o
    0x080004bc   0x080004bc   0x00000048   Code   RO          225    .text               led.o
    0x08000504   0x08000504   0x0000020c   Code   RO          237    .text               key.o
    0x08000710   0x08000710   0x00000fb0   Code   RO          252    .text               ir.o
    0x080016c0   0x080016c0   0x00000104   Code   RO          277    .text               exit.o
    0x080017c4   0x080017c4   0x00000250   Code   RO          295    .text               mytimer.o
    0x08001a14   0x08001a14   0x000002e8   Code   RO          310    .text               adc.o
    0x08001cfc   0x08001cfc   0x00000224   Code   RO          332    .text               ble_usart.o
    0x08001f20   0x08001f20   0x000004ae   Code   RO          351    .text               e2prom.o
    0x080023ce   0x080023ce   0x00000002   PAD
    0x080023d0   0x080023d0   0x000009bc   Code   RO          363    .text               oled.o
    0x08002d8c   0x08002d8c   0x000000f0   Code   RO          382    .text               motor_ms3111s.o
    0x08002e7c   0x08002e7c   0x00000426   Code   RO          394    .text               stepper_motor.o
    0x080032a2   0x080032a2   0x00000002   PAD
    0x080032a4   0x080032a4   0x00000058   Code   RO          409    .text               beep.o
    0x080032fc   0x080032fc   0x000002b8   Code   RO          421    .text               mytimer2.o
    0x080035b4   0x080035b4   0x000000d4   Code   RO          436    .text               delay.o
    0x08003688   0x08003688   0x000001fc   Code   RO          467    .text               usart.o
    0x08003884   0x08003884   0x00000040   Code   RO          503    .text               startup_stm32f10x_hd.o
    0x080038c4   0x080038c4   0x000000dc   Code   RO          507    .text               misc.o
    0x080039a0   0x080039a0   0x0000035c   Code   RO          519    .text               stm32f10x_gpio.o
    0x08003cfc   0x08003cfc   0x000003a4   Code   RO          531    .text               stm32f10x_rcc.o
    0x080040a0   0x080040a0   0x00000408   Code   RO          545    .text               stm32f10x_usart.o
    0x080044a8   0x080044a8   0x00000254   Code   RO          557    .text               stm32f10x_dma.o
    0x080046fc   0x080046fc   0x00000e1a   Code   RO          569    .text               stm32f10x_tim.o
    0x08005516   0x08005516   0x00000002   PAD
    0x08005518   0x08005518   0x0000011c   Code   RO          581    .text               stm32f10x_exti.o
    0x08005634   0x08005634   0x0000044e   Code   RO          593    .text               stm32f10x_adc.o
    0x08005a82   0x08005a82   0x00000002   PAD
    0x08005a84   0x08005a84   0x000000c4   Code   RO          605    .text               stm32f10x_bkp.o
    0x08005b48   0x08005b48   0x000000cc   Code   RO          617    .text               stm32f10x_pwr.o
    0x08005c14   0x08005c14   0x00000cd0   Code   RO          629    .text               app.o
    0x080068e4   0x080068e4   0x00000002   Code   RO          647    .text               c_w.l(use_no_semi_2.o)
    0x080068e6   0x080068e6   0x00000058   Code   RO          649    .text               c_w.l(memcmp.o)
    0x0800693e   0x0800693e   0x0000008a   Code   RO          651    .text               c_w.l(rt_memcpy_v6.o)
    0x080069c8   0x080069c8   0x00000044   Code   RO          653    .text               c_w.l(rt_memclr.o)
    0x08006a0c   0x08006a0c   0x0000004e   Code   RO          655    .text               c_w.l(rt_memclr_w.o)
    0x08006a5a   0x08006a5a   0x00000006   Code   RO          657    .text               c_w.l(heapauxi.o)
    0x08006a60   0x08006a60   0x00000002   Code   RO          697    .text               c_w.l(use_no_semi.o)
    0x08006a62   0x08006a62   0x00000064   Code   RO          700    .text               c_w.l(rt_memcpy_w.o)
    0x08006ac6   0x08006ac6   0x0000004a   Code   RO          730    .text               c_w.l(sys_stackheap_outer.o)
    0x08006b10   0x08006b10   0x00000012   Code   RO          732    .text               c_w.l(exit.o)
    0x08006b22   0x08006b22   0x00000002   PAD
    0x08006b24   0x08006b24   0x00000008   Code   RO          740    .text               c_w.l(libspace.o)
    0x08006b2c   0x08006b2c   0x00000062   Code   RO          661    x$fpl$d2f           fz_ws.l(d2f.o)
    0x08006b8e   0x08006b8e   0x00000002   PAD
    0x08006b90   0x08006b90   0x00000150   Code   RO          663    x$fpl$dadd          fz_ws.l(daddsub_clz.o)
    0x08006ce0   0x08006ce0   0x00000018   Code   RO          728    x$fpl$dcmpinf       fz_ws.l(dcmpi.o)
    0x08006cf8   0x08006cf8   0x0000005a   Code   RO          669    x$fpl$dfixu         fz_ws.l(dfixu.o)
    0x08006d52   0x08006d52   0x00000002   PAD
    0x08006d54   0x08006d54   0x00000078   Code   RO          702    x$fpl$dleqf         fz_ws.l(dleqf.o)
    0x08006dcc   0x08006dcc   0x00000154   Code   RO          673    x$fpl$dmul          fz_ws.l(dmul.o)
    0x08006f20   0x08006f20   0x0000009c   Code   RO          704    x$fpl$dnaninf       fz_ws.l(dnaninf.o)
    0x08006fbc   0x08006fbc   0x0000000c   Code   RO          706    x$fpl$dretinf       fz_ws.l(dretinf.o)
    0x08006fc8   0x08006fc8   0x0000006c   Code   RO          675    x$fpl$drleqf        fz_ws.l(drleqf.o)
    0x08007034   0x08007034   0x000001d4   Code   RO          665    x$fpl$dsub          fz_ws.l(daddsub_clz.o)
    0x08007208   0x08007208   0x00000056   Code   RO          677    x$fpl$f2d           fz_ws.l(f2d.o)
    0x0800725e   0x0800725e   0x00000002   PAD
    0x08007260   0x08007260   0x000000c4   Code   RO          679    x$fpl$fadd          fz_ws.l(faddsub_clz.o)
    0x08007324   0x08007324   0x0000003e   Code   RO          685    x$fpl$ffixu         fz_ws.l(ffixu.o)
    0x08007362   0x08007362   0x00000002   PAD
    0x08007364   0x08007364   0x00000026   Code   RO          689    x$fpl$ffltu         fz_ws.l(fflt_clz.o)
    0x0800738a   0x0800738a   0x00000002   PAD
    0x0800738c   0x0800738c   0x00000102   Code   RO          695    x$fpl$fmul          fz_ws.l(fmul.o)
    0x0800748e   0x0800748e   0x0000008c   Code   RO          708    x$fpl$fnaninf       fz_ws.l(fnaninf.o)
    0x0800751a   0x0800751a   0x0000000a   Code   RO          710    x$fpl$fretinf       fz_ws.l(fretinf.o)
    0x08007524   0x08007524   0x000000ea   Code   RO          681    x$fpl$fsub          fz_ws.l(faddsub_clz.o)
    0x0800760e   0x0800760e   0x00000000   Code   RO          712    x$fpl$usenofp       fz_ws.l(usenofp.o)
    0x0800760e   0x0800760e   0x00002308   Data   RO          365    .constdata          oled.o
    0x08009916   0x08009916   0x00000002   PAD
    0x08009918   0x08009918   0x0000001c   Data   RO          630    .conststring        app.o
    0x08009934   0x08009934   0x00000020   Data   RO          865    Region$$Table       anon$$obj.o


    Execution Region RW_IRAM1 (Exec base: 0x20000000, Load base: 0x08009954, Size: 0x00000d98, Max: 0x0000c000, ABSOLUTE)

    Exec Addr    Load Addr    Size         Type   Attr      Idx    E Section Name        Object

    0x20000000   0x08009954   0x00000014   Data   RW          208    .data               system_stm32f10x.o
    0x20000014   0x08009968   0x0000001b   Data   RW          238    .data               key.o
    0x2000002f   0x08009983   0x00000001   PAD
    0x20000030   0x08009984   0x00000018   Data   RW          254    .data               ir.o
    0x20000048   0x0800999c   0x00000002   Data   RW          278    .data               exit.o
    0x2000004a   0x0800999e   0x00000004   Data   RW          311    .data               adc.o
    0x2000004e   0x080099a2   0x00000001   Data   RW          334    .data               ble_usart.o
    0x2000004f   0x080099a3   0x00000005   Data   RW          395    .data               stepper_motor.o
    0x20000054   0x080099a8   0x00000004   Data   RW          422    .data               mytimer2.o
    0x20000058   0x080099ac   0x00000004   Data   RW          437    .data               delay.o
    0x2000005c   0x080099b0   0x00000005   Data   RW          469    .data               usart.o
    0x20000061   0x080099b5   0x00000014   Data   RW          532    .data               stm32f10x_rcc.o
    0x20000075   0x080099c9   0x00000003   PAD
    0x20000078   0x080099cc   0x00000070   Data   RW          631    .data               app.o
    0x200000e8        -       0x000000fe   Zero   RW          253    .bss                ir.o
    0x200001e6   0x08009a3c   0x00000002   PAD
    0x200001e8        -       0x000000b4   Zero   RW          296    .bss                mytimer.o
    0x2000029c        -       0x0000012e   Zero   RW          333    .bss                ble_usart.o
    0x200003ca        -       0x00000240   Zero   RW          364    .bss                oled.o
    0x2000060a        -       0x0000012e   Zero   RW          468    .bss                usart.o
    0x20000738        -       0x00000060   Zero   RW          741    .bss                c_w.l(libspace.o)
    0x20000798        -       0x00000200   Zero   RW          501    HEAP                startup_stm32f10x_hd.o
    0x20000998        -       0x00000400   Zero   RW          500    STACK               startup_stm32f10x_hd.o


==============================================================================

Image component sizes


      Code (inc. data)   RO Data    RW Data    ZI Data      Debug   Object Name

       744         82          0          4          0       2224   adc.o
      3280        106         28        112          0       7372   app.o
        88          6          0          0          0        608   beep.o
       548         26          0          1        302       2631   ble_usart.o
       212         18          0          4          0       1051   delay.o
      1198          4          0          0          0       4186   e2prom.o
       260         14          0          2          0       1444   exit.o
      4016        148          0         24        254      10720   ir.o
       524         32          0         27          0       2543   key.o
        72          6          0          0          0        499   led.o
       244         26          0          0          0     278515   main.o
       220         22          0          0          0       1809   misc.o
       240         12          0          0          0        999   motor_ms3111s.o
       592          8          0          0        180       3386   mytimer.o
       696         20          0          4          0       2745   mytimer2.o
      2492         50       8968          0        576       9447   oled.o
        64         26        304          0       1536        804   startup_stm32f10x_hd.o
      1062         26          0          5          0       5019   stepper_motor.o
      1102         26          0          0          0      11049   stm32f10x_adc.o
       196          8          0          0          0       3504   stm32f10x_bkp.o
       596          8          0          0          0       4370   stm32f10x_dma.o
       284         10          0          0          0       2263   stm32f10x_exti.o
       860         38          0          0          0       5741   stm32f10x_gpio.o
        26          0          0          0          0       1182   stm32f10x_it.o
       204         14          0          0          0       1959   stm32f10x_pwr.o
       932         36          0         20          0       8920   stm32f10x_rcc.o
      3610         88          0          0          0      22848   stm32f10x_tim.o
      1032         22          0          0          0       8464   stm32f10x_usart.o
         0          0          0          0          0         32   sys.o
       480         38          0         20          0       1751   system_stm32f10x.o
       508         26          0          5        302       4598   usart.o

    ----------------------------------------------------------------------
     26392        946       9334        232       3152     412683   Object Totals
         0          0         32          0          0          0   (incl. Generated)
        10          0          2          4          2          0   (incl. Padding)

    ----------------------------------------------------------------------

      Code (inc. data)   RO Data    RW Data    ZI Data      Debug   Library Member Name

         8          0          0          0          0         68   __main.o
         0          0          0          0          0          0   __rtentry.o
        12          0          0          0          0          0   __rtentry2.o
         6          0          0          0          0          0   __rtentry4.o
        52          8          0          0          0          0   __scatter.o
        26          0          0          0          0          0   __scatter_copy.o
        28          0          0          0          0          0   __scatter_zi.o
        18          0          0          0          0         80   exit.o
         6          0          0          0          0        152   heapauxi.o
         2          0          0          0          0          0   libinit.o
         2          0          0          0          0          0   libinit2.o
         2          0          0          0          0          0   libshutdown.o
         2          0          0          0          0          0   libshutdown2.o
         8          4          0          0         96         68   libspace.o
        88          0          0          0          0         76   memcmp.o
        68          0          0          0          0         68   rt_memclr.o
        78          0          0          0          0         80   rt_memclr_w.o
       138          0          0          0          0         68   rt_memcpy_v6.o
       100          0          0          0          0         80   rt_memcpy_w.o
         2          0          0          0          0          0   rtexit.o
        10          0          0          0          0          0   rtexit2.o
        74          0          0          0          0         80   sys_stackheap_outer.o
         2          0          0          0          0         68   use_no_semi.o
         2          0          0          0          0         68   use_no_semi_2.o
        98          4          0          0          0         92   d2f.o
       804         16          0          0          0        272   daddsub_clz.o
        24          0          0          0          0         68   dcmpi.o
        90          4          0          0          0         92   dfixu.o
       120          4          0          0          0         92   dleqf.o
       340         12          0          0          0        104   dmul.o
       156          4          0          0          0         92   dnaninf.o
        12          0          0          0          0         68   dretinf.o
       108          0          0          0          0         80   drleqf.o
        86          4          0          0          0         84   f2d.o
       430          8          0          0          0        168   faddsub_clz.o
        62          4          0          0          0         84   ffixu.o
        38          0          0          0          0         68   fflt_clz.o
       258          4          0          0          0         84   fmul.o
       140          4          0          0          0         84   fnaninf.o
        10          0          0          0          0         68   fretinf.o
         0          0          0          0          0          0   usenofp.o

    ----------------------------------------------------------------------
      3526         80          0          0         96       2556   Library Totals
        16          0          0          0          0          0   (incl. Padding)

    ----------------------------------------------------------------------

      Code (inc. data)   RO Data    RW Data    ZI Data      Debug   Library Name

       734         12          0          0         96        956   c_w.l
      2776         68          0          0          0       1600   fz_ws.l

    ----------------------------------------------------------------------
      3526         80          0          0         96       2556   Library Totals

    ----------------------------------------------------------------------

==============================================================================


      Code (inc. data)   RO Data    RW Data    ZI Data      Debug   

     29918       1026       9334        232       3248     410919   Grand Totals
     29918       1026       9334        232       3248     410919   ELF Image Totals
     29918       1026       9334        232          0          0   ROM Totals

==============================================================================

    Total RO  Size (Code + RO Data)                39252 (  38.33kB)
    Total RW  Size (RW Data + ZI Data)              3480 (   3.40kB)
    Total ROM Size (Code + RO Data + RW Data)      39484 (  38.56kB)

==============================================================================

